LX51 LINKER/LOCATER V4.64.0.0                                                           05/13/2019  17:53:27  PAGE 1


LX51 LINKER/LOCATER V4.64.0.0, INVOKED BY:
C:\KEIL\C51\BIN\LX51.EXE uart.obj, main.obj, delay.obj, system_clock.obj, STARTUP.obj TO ca51fx PRINT (.\lst\ca51fx.map)
>>  REMOVEUNUSED CLASSES (XDATA (X:0X0-X:0XFFF), HDATA (X:0X0-X:0XFFF), CODE (C:0X0-C:0X7FFF), CONST (C:0X0-C:0X7FFF), E
>> CODE (C:0X0-C:0X7FFF), HCONST (C:0X0-C:0X7FFF))


CPU MODE:     8051 MODE
MEMORY MODEL: SMALL


INPUT MODULES INCLUDED:
  uart.obj (UART)
         COMMENT TYPE 0: C51 V9.51
  main.obj (MAIN)
         COMMENT TYPE 0: C51 V9.51
  delay.obj (DELAY)
         COMMENT TYPE 0: C51 V9.51
  system_clock.obj (SYSTEM_CLOCK)
         COMMENT TYPE 0: C51 V9.51
  STARTUP.obj (?C_STARTUP)
         COMMENT TYPE 1: A51 / ASM51 Assembler
  C:\KEIL\C51\LIB\C51S.LIB (?C?CLDPTR)
         COMMENT TYPE 1: A51 / ASM51 Assembler
  C:\KEIL\C51\LIB\C51S.LIB (?C?LMUL)
         COMMENT TYPE 1: A51 / ASM51 Assembler
  C:\KEIL\C51\LIB\C51S.LIB (?C?ULDIV)
         COMMENT TYPE 1: A51 / ASM51 Assembler
  C:\KEIL\C51\LIB\C51S.LIB (VSPRINTF)
         COMMENT TYPE 1: A51 / ASM51 Assembler
  C:\KEIL\C51\LIB\C51S.LIB (PRINTF)
         COMMENT TYPE 1: A51 / ASM51 Assembler
  C:\KEIL\C51\LIB\C51S.LIB (?C?CLDOPTR)
         COMMENT TYPE 1: A51 / ASM51 Assembler
  C:\KEIL\C51\LIB\C51S.LIB (?C?CSTPTR)
         COMMENT TYPE 1: A51 / ASM51 Assembler
  C:\KEIL\C51\LIB\C51S.LIB (?C?PLDIIDATA)
         COMMENT TYPE 1: A51 / ASM51 Assembler
  C:\KEIL\C51\LIB\C51S.LIB (?C?CCASE)
         COMMENT TYPE 1: A51 / ASM51 Assembler
  C:\KEIL\C51\LIB\C51S.LIB (PUTCHAR)
         COMMENT TYPE 1: A51 / ASM51 Assembler


ACTIVE MEMORY CLASSES OF MODULE:  ca51fx (UART)

BASE        START       END         USED      MEMORY CLASS
==========================================================
X:000000H   X:000000H   X:000FFFH   0001B9H   XDATA
X:000000H   X:000000H   X:000FFFH             HDATA
C:000000H   C:000000H   C:007FFFH   00070EH   CODE
C:000000H   C:000000H   C:007FFFH             CONST
C:000000H   C:000000H   C:007FFFH             ECODE
B00:0000H   C:000000H   C:007FFFH             HCONST
I:000000H   I:000000H   I:00007FH   00004BH   DATA
I:000020H.0 I:000020H.0 I:00002FH.7 000001H.2 BIT
I:000000H   I:000000H   I:0000FFH   000001H   IDATA


MEMORY MAP OF MODULE:  ca51fx (UART)


START     STOP      LENGTH    ALIGN  RELOC    MEMORY CLASS   SEGMENT NAME
=========================================================================

* * * * * * * * * * *   D A T A   M E M O R Y   * * * * * * * * * * * * *
000000H   000007H   000008H   ---    AT..     DATA           "REG BANK 0"
LX51 LINKER/LOCATER V4.64.0.0                                                         05/13/2019  17:53:27  PAGE 2


000008H   00001BH   000014H   BYTE   UNIT     DATA           ?DT?UART
00001CH.0 00001FH.7 000004H.0 ---    ---      **GAP**
000020H.0 000021H.0 000001H.1 BIT    UNIT     BIT            _BIT_GROUP_
000021H.1 000021H.1 000000H.1 BIT    UNIT     BIT            ?BI?UART
000021H.2 000021H   000000H.6 ---    ---      **GAP**
000022H   000050H   00002FH   BYTE   UNIT     DATA           _DATA_GROUP_
000051H   000051H   000001H   BYTE   UNIT     IDATA          ?STACK

* * * * * * * * * * *   C O D E   M E M O R Y   * * * * * * * * * * * * *
000000H   000002H   000003H   ---    OFFS..   CODE           ?CO??C_STARTUP?0
000003H   00001AH   000018H   BYTE   INBLOCK  CODE           ?PR?MAIN?MAIN
00001BH   000022H   000008H   ---    ---      **GAP**
000023H   000025H   000003H   BYTE   OFFS..   CODE           ?UART?00023
000026H   00008DH   000068H   BYTE   INBLOCK  CODE           ?PR?UART0_ISR?UART
00008EH   0000ECH   00005FH   BYTE   INBLOCK  CODE           ?PR?_UART0_INITIAL?UART
0000EDH   000147H   00005BH   BYTE   INBLOCK  CODE           ?PR?_UART0_PUTCHAR?UART
000148H   000177H   000030H   BYTE   INBLOCK  CODE           ?PR?_UART_PRINTF?UART
000178H   00019CH   000025H   BYTE   INBLOCK  CODE           ?PR?_UARTPUTSTR?UART
00019DH   0004F8H   00035CH   BYTE   UNIT     CODE           ?PR?PRINTF?PRINTF
0004F9H   0006A3H   0001ABH   BYTE   UNIT     CODE           ?C?LIB_CODE
0006A4H   0006D1H   00002EH   BYTE   UNIT     CODE           ?PR?_VSPRINTF?VSPRINTF
0006D2H   0006F8H   000027H   BYTE   UNIT     CODE           ?PR?PUTCHAR?PUTCHAR
0006F9H   000709H   000011H   BYTE   UNIT     CODE           ?CO?MAIN
00070AH   000715H   00000CH   BYTE   UNIT     CODE           ?C_C51STARTUP

* * * * * * * * * * *  X D A T A   M E M O R Y  * * * * * * * * * * * * *
000000H   0000FFH   000100H   BYTE   UNIT     XDATA          _XDATA_GROUP_
000100H   000167H   000068H   BYTE   UNIT     XDATA          ?XD?UART
000168H   007FFFH   007E98H   ---    ---      **GAP**
008000H   008000H   000001H   BYTE   OFFS..   XDATA          ?XD?MAIN?41
008001H   008001H   000001H   BYTE   OFFS..   XDATA          ?XD?MAIN?46
008002H   008002H   000001H   BYTE   OFFS..   XDATA          ?XD?MAIN?52
008003H   008003H   000001H   BYTE   OFFS..   XDATA          ?XD?MAIN?59
008004H   008004H   000001H   BYTE   OFFS..   XDATA          ?XD?MAIN?67
008005H   008005H   000001H   BYTE   OFFS..   XDATA          ?XD?MAIN?72
008006H   008006H   000001H   BYTE   OFFS..   XDATA          ?XD?MAIN?76
008007H   008007H   000001H   BYTE   OFFS..   XDATA          ?XD?MAIN?80
008008H   008008H   000001H   BYTE   OFFS..   XDATA          ?XD?MAIN?45
008009H   008009H   000001H   BYTE   OFFS..   XDATA          ?XD?MAIN?51
00800AH   00800AH   000001H   BYTE   OFFS..   XDATA          ?XD?MAIN?58
00800BH   00800BH   000001H   BYTE   OFFS..   XDATA          ?XD?MAIN?66
00800CH   00800CH   000001H   BYTE   OFFS..   XDATA          ?XD?MAIN?71
00800DH   00800DH   000001H   BYTE   OFFS..   XDATA          ?XD?MAIN?75
00800EH   00800EH   000001H   BYTE   OFFS..   XDATA          ?XD?MAIN?79
00800FH   00800FH   000001H   BYTE   OFFS..   XDATA          ?XD?MAIN?2
008010H   008010H   000001H   BYTE   OFFS..   XDATA          ?XD?MAIN?50
008011H   008011H   000001H   BYTE   OFFS..   XDATA          ?XD?MAIN?57
008012H   008017H   000006H   ---    ---      **GAP**
008018H   008018H   000001H   BYTE   OFFS..   XDATA          ?XD?MAIN?56
008019H   008019H   000001H   BYTE   OFFS..   XDATA          ?XD?MAIN?65
00801AH   00801AH   000001H   BYTE   OFFS..   XDATA          ?XD?MAIN?70
00801BH   00801BH   000001H   BYTE   OFFS..   XDATA          ?XD?MAIN?74
00801CH   00801CH   000001H   BYTE   OFFS..   XDATA          ?XD?MAIN?78
00801DH   00801DH   000001H   BYTE   OFFS..   XDATA          ?XD?MAIN?1
00801EH   00801EH   000001H   BYTE   OFFS..   XDATA          ?XD?MAIN?3
00801FH   00801FH   000001H   BYTE   OFFS..   XDATA          ?XD?MAIN?4
008020H   008020H   000001H   BYTE   OFFS..   XDATA          ?XD?MAIN?16
008021H   008021H   000001H   BYTE   OFFS..   XDATA          ?XD?MAIN?14
008022H   0080FFH   0000DEH   ---    ---      **GAP**
008100H   008100H   000001H   BYTE   OFFS..   XDATA          ?XD?MAIN?9
008101H   008101H   000001H   BYTE   OFFS..   XDATA          ?XD?MAIN?18
008102H   008102H   000001H   ---    ---      **GAP**
008103H   008103H   000001H   BYTE   OFFS..   XDATA          ?XD?MAIN?8
008104H   008105H   000002H   ---    ---      **GAP**
008106H   008106H   000001H   BYTE   OFFS..   XDATA          ?XD?MAIN?19
LX51 LINKER/LOCATER V4.64.0.0                                                         05/13/2019  17:53:27  PAGE 3


008107H   008107H   000001H   BYTE   OFFS..   XDATA          ?XD?MAIN?64
008108H   008108H   000001H   BYTE   OFFS..   XDATA          ?XD?MAIN?5
008109H   008109H   000001H   BYTE   OFFS..   XDATA          ?XD?MAIN?63
00810AH   00810AH   000001H   BYTE   OFFS..   XDATA          ?XD?MAIN?6
00810BH   00810BH   000001H   BYTE   OFFS..   XDATA          ?XD?MAIN?13
00810CH   00810CH   000001H   BYTE   OFFS..   XDATA          ?XD?MAIN?11
00810DH   00810DH   000001H   BYTE   OFFS..   XDATA          ?XD?MAIN?15
00810EH   00810EH   000001H   BYTE   OFFS..   XDATA          ?XD?MAIN?12
00810FH   00810FH   000001H   BYTE   OFFS..   XDATA          ?XD?MAIN?22
008110H   008110H   000001H   BYTE   OFFS..   XDATA          ?XD?MAIN?23
008111H   008116H   000006H   ---    ---      **GAP**
008117H   008117H   000001H   BYTE   OFFS..   XDATA          ?XD?MAIN?26
008118H   00811DH   000006H   ---    ---      **GAP**
00811EH   00811EH   000001H   BYTE   OFFS..   XDATA          ?XD?MAIN?0
00811FH   00811FH   000001H   BYTE   OFFS..   XDATA          ?XD?MAIN?7
008120H   008120H   000001H   BYTE   OFFS..   XDATA          ?XD?MAIN?30
008121H   008121H   000001H   BYTE   OFFS..   XDATA          ?XD?MAIN?32
008122H   008122H   000001H   BYTE   OFFS..   XDATA          ?XD?MAIN?36
008123H   008123H   000001H   BYTE   OFFS..   XDATA          ?XD?MAIN?40
008124H   008124H   000001H   BYTE   OFFS..   XDATA          ?XD?MAIN?44
008125H   008125H   000001H   BYTE   OFFS..   XDATA          ?XD?MAIN?49
008126H   008126H   000001H   BYTE   OFFS..   XDATA          ?XD?MAIN?55
008127H   008127H   000001H   BYTE   OFFS..   XDATA          ?XD?MAIN?62
008128H   008128H   000001H   BYTE   OFFS..   XDATA          ?XD?MAIN?31
008129H   008129H   000001H   BYTE   OFFS..   XDATA          ?XD?MAIN?35
00812AH   00812AH   000001H   BYTE   OFFS..   XDATA          ?XD?MAIN?39
00812BH   00812BH   000001H   BYTE   OFFS..   XDATA          ?XD?MAIN?43
00812CH   00812CH   000001H   BYTE   OFFS..   XDATA          ?XD?MAIN?48
00812DH   00812DH   000001H   BYTE   OFFS..   XDATA          ?XD?MAIN?54
00812EH   00812EH   000001H   BYTE   OFFS..   XDATA          ?XD?MAIN?61
00812FH   00812FH   000001H   BYTE   OFFS..   XDATA          ?XD?MAIN?69
008130H   008130H   000001H   BYTE   OFFS..   XDATA          ?XD?MAIN?34
008131H   008131H   000001H   BYTE   OFFS..   XDATA          ?XD?MAIN?38
008132H   008137H   000006H   ---    ---      **GAP**
008138H   008138H   000001H   BYTE   OFFS..   XDATA          ?XD?MAIN?37
008139H   008139H   000001H   BYTE   OFFS..   XDATA          ?XD?MAIN?42
00813AH   00813AH   000001H   BYTE   OFFS..   XDATA          ?XD?MAIN?47
00813BH   00813BH   000001H   BYTE   OFFS..   XDATA          ?XD?MAIN?53
00813CH   00813CH   000001H   BYTE   OFFS..   XDATA          ?XD?MAIN?60
00813DH   00813DH   000001H   BYTE   OFFS..   XDATA          ?XD?MAIN?68
00813EH   00813EH   000001H   BYTE   OFFS..   XDATA          ?XD?MAIN?73
00813FH   00813FH   000001H   BYTE   OFFS..   XDATA          ?XD?MAIN?77
008140H   00FBFFH   007AC0H   ---    ---      **GAP**
00FC00H   00FC00H   000001H   BYTE   OFFS..   XDATA          ?XD?MAIN?29
00FC01H   00FC01H   000001H   BYTE   OFFS..   XDATA          ?XD?MAIN?27
00FC02H   00FC02H   000001H   BYTE   OFFS..   XDATA          ?XD?MAIN?28
00FC03H   00FC03H   000001H   BYTE   OFFS..   XDATA          ?XD?MAIN?17
00FC04H   00FC04H   000001H   BYTE   OFFS..   XDATA          ?XD?MAIN?25
00FC05H   00FC05H   000001H   BYTE   OFFS..   XDATA          ?XD?MAIN?21
00FC06H   00FC06H   000001H   BYTE   OFFS..   XDATA          ?XD?MAIN?20
00FC07H   00FC07H   000001H   BYTE   OFFS..   XDATA          ?XD?MAIN?24
00FC08H   00FC0CH   000005H   ---    ---      **GAP**
00FC0DH   00FC0DH   000001H   BYTE   OFFS..   XDATA          ?XD?MAIN?10
00FC0EH   00FC0EH   000001H   ---    ---      **GAP**
00FC0FH   00FC0FH   000001H   BYTE   OFFS..   XDATA          ?XD?MAIN?33

* * * * * * * * *   R E M O V E D     S E G M E N T S   * * * * * * * *
   *DEL*:           000016H   BYTE   INBLOCK  CODE           ?PR?_DELAY_50US?DELAY
   *DEL*:           00001BH   BYTE   INBLOCK  CODE           ?PR?_DELAY_MS?DELAY
   *DEL*:           000007H   BYTE   INBLOCK  CODE           ?PR?SYS_CLK_SET_IRCH?SYSTEM_CLOCK
   *DEL*:           00000CH   BYTE   INBLOCK  CODE           ?PR?SYS_CLK_SET_IRCL?SYSTEM_CLOCK
   *DEL*:           00001BH   BYTE   INBLOCK  CODE           ?PR?SYS_CLK_SET_XOSCL?SYSTEM_CLOCK
   *DEL*:           000026H   BYTE   INBLOCK  CODE           ?PR?_SYS_CLK_SET_PLL?SYSTEM_CLOCK
   *DEL*:           00000CH   BYTE   INBLOCK  CODE           ?PR?SYS_CLK_SET_TFRC?SYSTEM_CLOCK

LX51 LINKER/LOCATER V4.64.0.0                                                         05/13/2019  17:53:27  PAGE 4




OVERLAY MAP OF MODULE:   ca51fx (UART)


FUNCTION/MODULE                      BIT_GROUP   DATA_GROUP   XDATA_GROUP
--> CALLED FUNCTION/MODULE          START  STOP  START  STOP  START  STOP
=========================================================================
UART0_ISR/UART                      ----- -----  ----- -----  ----- -----

*** NEW ROOT **********************

?C_C51STARTUP                       ----- -----  ----- -----  ----- -----
  +--> MAIN/MAIN

MAIN/MAIN                           ----- -----  ----- -----  ----- -----
  +--> _UART0_INITIAL/UART
  +--> ?CO?MAIN
  +--> _UART_PRINTF/UART

_UART0_INITIAL/UART                 ----- -----  0022H 0025H  ----- -----

?CO?MAIN                            ----- -----  ----- -----  ----- -----

_UART_PRINTF/UART                   ----- -----  0022H 0036H  0000H 00FFH
  +--> _VSPRINTF/VSPRINTF
  +--> _UARTPUTSTR/UART

_VSPRINTF/VSPRINTF                  ----- -----  0037H 003CH  ----- -----
  +--> PRINTF/PRINTF

PRINTF/PRINTF                       20H.0 21H.0  003DH 0050H  ----- -----
  +--> PUTCHAR/PUTCHAR

PUTCHAR/PUTCHAR                     ----- -----  ----- -----  ----- -----

_UARTPUTSTR/UART                    ----- -----  0037H 0039H  ----- -----
  +--> _UART0_PUTCHAR/UART

_UART0_PUTCHAR/UART                 ----- -----  ----- -----  ----- -----



PUBLIC SYMBOLS OF MODULE:  ca51fx (UART)


      VALUE       CLASS    TYPE      PUBLIC SYMBOL NAME
      =================================================
      0000003DH   DATA     ---       ?_PRINTF517?BYTE
      0000003DH   DATA     ---       ?_PRINTF?BYTE
      0000003DH   DATA     ---       ?_SPRINTF517?BYTE
      0000003DH   DATA     ---       ?_SPRINTF?BYTE
      00000022H   DATA     BYTE      ?_uart_printf?BYTE
      00010034H   DATA     ---       ?_VSPRINTF?BYTE
      0100067EH   CODE     ---       ?C?CCASE
      0100062FH   CODE     ---       ?C?CLDOPTR
      010004F9H   CODE     ---       ?C?CLDPTR
      00000000H   NUMBER   ---       ?C?CODESEG
      0100065CH   CODE     ---       ?C?CSTPTR
      01000512H   CODE     ---       ?C?LMUL
      0100066EH   CODE     ---       ?C?PLDIIDATA
      0100059DH   CODE     ---       ?C?ULDIV
      00000000H   NUMBER   ---       ?C?XDATASEG
      01000003H   CODE     ---       ?C_START
      01000000H   CODE     ---       ?C_STARTUP
LX51 LINKER/LOCATER V4.64.0.0                                                         05/13/2019  17:53:27  PAGE 5


*DEL*:00000000H   CODE     ---       _Delay_50us
*DEL*:00000000H   CODE     ---       _Delay_ms
      010001FFH   CODE     ---       _PRINTF
      010001FFH   CODE     ---       _PRINTF517
      010006D2H   CODE     ---       _PUTCHAR
      010001F9H   CODE     ---       _SPRINTF
      010001F9H   CODE     ---       _SPRINTF517
*DEL*:00000000H   CODE     ---       _Sys_Clk_Set_PLL
      0100008EH   CODE     ---       _Uart0_Initial
      010000EDH   CODE     ---       _Uart0_PutChar
      01000148H   CODE     ---       _uart_printf
      01000178H   CODE     ---       _UartPutStr
      010006A4H   CODE     ---       _VSPRINTF
*SFR* 000000D0H.6 DATA     BIT       AC
*SFR* 000000E0H   DATA     BYTE      ACC
      02008021H   XDATA    BYTE      ADCALH
      02008020H   XDATA    BYTE      ADCALL
*SFR* 000000BDH   DATA     BYTE      ADCDH
*SFR* 000000BCH   DATA     BYTE      ADCDL
*SFR* 000000BBH   DATA     BYTE      ADCFGH
*SFR* 000000BAH   DATA     BYTE      ADCFGL
*SFR* 000000B9H   DATA     BYTE      ADCON
*SFR* 000000C6H   DATA     BYTE      ATKMH
*SFR* 000000C5H   DATA     BYTE      ATKML
*SFR* 000000E7H   DATA     BYTE      ATKNH
*SFR* 000000E6H   DATA     BYTE      ATKNL
*SFR* 000000F0H   DATA     BYTE      B
*SFR* 000000A1H   DATA     BYTE      CKCON
*SFR* 000000A3H   DATA     BYTE      CKDIV
*SFR* 000000BFH   DATA     BYTE      CKMIF
*SFR* 000000BEH   DATA     BYTE      CKMON
*SFR* 000000A2H   DATA     BYTE      CKSEL
*SFR* 000000D0H.7 DATA     BIT       CY
*SFR* 00000083H   DATA     BYTE      DP0H
*SFR* 00000082H   DATA     BYTE      DP0L
*SFR* 00000085H   DATA     BYTE      DP1H
*SFR* 00000084H   DATA     BYTE      DP1L
*SFR* 000000D0H.1 DATA     BIT       DPS
*SFR* 000000A8H.7 DATA     BIT       EA
*SFR* 000000FBH   DATA     BYTE      EPCON
*SFR* 000000F9H   DATA     BYTE      EPIE
*SFR* 000000FAH   DATA     BYTE      EPIF
*SFR* 000000A8H.4 DATA     BIT       ES0
*SFR* 000000A8H.6 DATA     BIT       ES1
*SFR* 000000A8H.1 DATA     BIT       ET0
*SFR* 000000A8H.3 DATA     BIT       ET1
*SFR* 000000A8H.5 DATA     BIT       ET2
*SFR* 000000A8H   DATA     BIT       EX0
*SFR* 000000A8H.2 DATA     BIT       EX1
*SFR* 000000E8H   DATA     BYTE      EXIE
*SFR* 000000F8H   DATA     BYTE      EXIP
*SFR* 000000D0H.5 DATA     BIT       F0
      0200FC01H   XDATA    BYTE      FSCMD
      0200FC02H   XDATA    BYTE      FSDAT
      0200811EH   XDATA    BYTE      FTCTL
*SFR* 000000D7H   DATA     BYTE      HVTH
*SFR* 000000B3H   DATA     BYTE      I2CADM
*SFR* 000000B2H   DATA     BYTE      I2CADR
*SFR* 000000B4H   DATA     BYTE      I2CCCR
*SFR* 000000B1H   DATA     BYTE      I2CCON
*SFR* 000000B5H   DATA     BYTE      I2CDAT
*SFR* 000000B7H   DATA     BYTE      I2CFLG
      02008101H   XDATA    BYTE      I2CIOS
*SFR* 000000B6H   DATA     BYTE      I2CSTA
*SFR* 000000FDH   DATA     BYTE      IDLSTH
LX51 LINKER/LOCATER V4.64.0.0                                                         05/13/2019  17:53:27  PAGE 6


*SFR* 000000FCH   DATA     BYTE      IDLSTL
*SFR* 000000A8H   DATA     BYTE      IE
*SFR* 00000088H.1 DATA     BIT       IE0
*SFR* 00000088H.3 DATA     BIT       IE1
*SFR* 000000A5H   DATA     BYTE      IHCFGH
*SFR* 000000A4H   DATA     BYTE      IHCFGL
*SFR* 000000A7H   DATA     BYTE      ILCFGH
*SFR* 000000A6H   DATA     BYTE      ILCFGL
*SFR* 000000C0H   DATA     BYTE      INDEX
*SFR* 000000E8H   DATA     BIT       INT2EN
*SFR* 000000E8H.1 DATA     BIT       INT3EN
*SFR* 000000E8H.2 DATA     BIT       INT4EN
*SFR* 000000E8H.3 DATA     BIT       INT5EN
*SFR* 000000E8H.4 DATA     BIT       INT6EN
*SFR* 000000E8H.5 DATA     BIT       INT7EN
*SFR* 000000E8H.6 DATA     BIT       INT8EN
*SFR* 000000E8H.7 DATA     BIT       INT9EN
*SFR* 000000B8H   DATA     BYTE      IP
*SFR* 00000088H   DATA     BIT       IT0
*SFR* 0000008FH   DATA     BYTE      IT0CON
*SFR* 00000088H.2 DATA     BIT       IT1
*SFR* 0000008EH   DATA     BYTE      IT1CON
      0200FC03H   XDATA    BYTE      LOCK
*SFR* 000000EFH   DATA     BYTE      LVDCON
      02008117H   XDATA    BYTE      LXCAD
*SFR* 000000E2H   DATA     BYTE      LXCFG
*SFR* 000000E1H   DATA     BYTE      LXCON
*SFR* 000000E3H   DATA     BYTE      LXDAT
*SFR* 000000E5H   DATA     BYTE      LXDIVH
*SFR* 000000E4H   DATA     BYTE      LXDIVL
      01000003H   CODE     ---       main
      0200FC00H   XDATA    BYTE      MECON
      0200FC0DH   XDATA    BYTE      MEMPTEC
*SFR* 000000D0H.2 DATA     BIT       OV
*SFR* 000000D0H   DATA     BIT       P
*SFR* 00000080H   DATA     BYTE      P0
*SFR* 00000080H   DATA     BIT       P00
      02008120H   XDATA    BYTE      P00C
      02008000H   XDATA    BYTE      P00F
*SFR* 00000080H.1 DATA     BIT       P01
      02008121H   XDATA    BYTE      P01C
      02008001H   XDATA    BYTE      P01F
*SFR* 00000080H.2 DATA     BIT       P02
      02008122H   XDATA    BYTE      P02C
      02008002H   XDATA    BYTE      P02F
*SFR* 00000080H.3 DATA     BIT       P03
      02008123H   XDATA    BYTE      P03C
      02008003H   XDATA    BYTE      P03F
*SFR* 00000080H.4 DATA     BIT       P04
      02008124H   XDATA    BYTE      P04C
      02008004H   XDATA    BYTE      P04F
*SFR* 00000080H.5 DATA     BIT       P05
      02008125H   XDATA    BYTE      P05C
      02008005H   XDATA    BYTE      P05F
*SFR* 00000080H.6 DATA     BIT       P06
      02008126H   XDATA    BYTE      P06C
      02008006H   XDATA    BYTE      P06F
*SFR* 00000080H.7 DATA     BIT       P07
      02008127H   XDATA    BYTE      P07C
      02008007H   XDATA    BYTE      P07F
*SFR* 00000090H   DATA     BYTE      P1
*SFR* 00000090H   DATA     BIT       P10
      02008128H   XDATA    BYTE      P10C
      02008008H   XDATA    BYTE      P10F
*SFR* 00000090H.1 DATA     BIT       P11
LX51 LINKER/LOCATER V4.64.0.0                                                         05/13/2019  17:53:27  PAGE 7


      02008129H   XDATA    BYTE      P11C
      02008009H   XDATA    BYTE      P11F
*SFR* 00000090H.2 DATA     BIT       P12
      0200812AH   XDATA    BYTE      P12C
      0200800AH   XDATA    BYTE      P12F
*SFR* 00000090H.3 DATA     BIT       P13
      0200812BH   XDATA    BYTE      P13C
      0200800BH   XDATA    BYTE      P13F
*SFR* 00000090H.4 DATA     BIT       P14
      0200812CH   XDATA    BYTE      P14C
      0200800CH   XDATA    BYTE      P14F
*SFR* 00000090H.5 DATA     BIT       P15
      0200812DH   XDATA    BYTE      P15C
      0200800DH   XDATA    BYTE      P15F
*SFR* 00000090H.6 DATA     BIT       P16
      0200812EH   XDATA    BYTE      P16C
      0200800EH   XDATA    BYTE      P16F
*SFR* 00000090H.7 DATA     BIT       P17
      0200812FH   XDATA    BYTE      P17C
      0200800FH   XDATA    BYTE      P17F
*SFR* 000000A0H   DATA     BYTE      P2
*SFR* 000000A0H   DATA     BIT       P20
      02008130H   XDATA    BYTE      P20C
      02008010H   XDATA    BYTE      P20F
*SFR* 000000A0H.1 DATA     BIT       P21
      02008131H   XDATA    BYTE      P21C
      02008011H   XDATA    BYTE      P21F
*SFR* 000000A0H.2 DATA     BIT       P22
*SFR* 000000A0H.3 DATA     BIT       P23
*SFR* 000000A0H.4 DATA     BIT       P24
*SFR* 000000A0H.5 DATA     BIT       P25
*SFR* 000000A0H.6 DATA     BIT       P26
*SFR* 000000B0H   DATA     BYTE      P3
*SFR* 000000B0H   DATA     BIT       P30
      02008138H   XDATA    BYTE      P30C
      02008018H   XDATA    BYTE      P30F
*SFR* 000000B0H.1 DATA     BIT       P31
      02008139H   XDATA    BYTE      P31C
      02008019H   XDATA    BYTE      P31F
*SFR* 000000B0H.2 DATA     BIT       P32
      0200813AH   XDATA    BYTE      P32C
      0200801AH   XDATA    BYTE      P32F
*SFR* 000000B0H.3 DATA     BIT       P33
      0200813BH   XDATA    BYTE      P33C
      0200801BH   XDATA    BYTE      P33F
*SFR* 000000B0H.4 DATA     BIT       P34
      0200813CH   XDATA    BYTE      P34C
      0200801CH   XDATA    BYTE      P34F
*SFR* 000000B0H.5 DATA     BIT       P35
      0200813DH   XDATA    BYTE      P35C
      0200801DH   XDATA    BYTE      P35F
*SFR* 000000B0H.6 DATA     BIT       P36
      0200813EH   XDATA    BYTE      P36C
      0200801EH   XDATA    BYTE      P36F
*SFR* 000000B0H.7 DATA     BIT       P37
      0200813FH   XDATA    BYTE      P37C
      0200801FH   XDATA    BYTE      P37F
      0200FC04H   XDATA    BYTE      PADRD
      0200FC0FH   XDATA    BYTE      PADRM
*SFR* 00000087H   DATA     BYTE      PCON
*SFR* 000000ADH   DATA     BYTE      PLLCON
*SFR* 000000B8H.4 DATA     BIT       PS0
*SFR* 000000B8H.6 DATA     BIT       PS1
*SFR* 000000D0H   DATA     BYTE      PSW
*SFR* 000000B8H.1 DATA     BIT       PT0
LX51 LINKER/LOCATER V4.64.0.0                                                         05/13/2019  17:53:27  PAGE 8


*SFR* 000000B8H.3 DATA     BIT       PT1
*SFR* 000000B8H.5 DATA     BIT       PT2
      0200FC06H   XDATA    BYTE      PTSH
      0200FC05H   XDATA    BYTE      PTSL
*SFR* 00000086H   DATA     BYTE      PWCON
*SFR* 000000D2H   DATA     BYTE      PWMAIF
*SFR* 000000D3H   DATA     BYTE      PWMBIF
*SFR* 000000DCH   DATA     BYTE      PWMCFG
*SFR* 000000D4H   DATA     BYTE      PWMCIF
*SFR* 000000DAH   DATA     BYTE      PWMCMAX
*SFR* 000000DBH   DATA     BYTE      PWMCON
*SFR* 000000DEH   DATA     BYTE      PWMDIVH
*SFR* 000000DDH   DATA     BYTE      PWMDIVL
*SFR* 000000D1H   DATA     BYTE      PWMDUTH
*SFR* 000000DFH   DATA     BYTE      PWMDUTL
*SFR* 000000D8H   DATA     BYTE      PWMEN
*SFR* 000000D9H   DATA     BYTE      PWMUPD
*SFR* 000000B8H   DATA     BIT       PX0
*SFR* 000000B8H.2 DATA     BIT       PX1
*SFR* 00000098H.2 DATA     BIT       RB8
*SFR* 00000091H   DATA     BYTE      RCCON
*SFR* 0000009FH   DATA     BYTE      RCMSHH
*SFR* 0000009EH   DATA     BYTE      RCMSHL
*SFR* 00000097H   DATA     BYTE      RCMSLH
*SFR* 00000096H   DATA     BYTE      RCMSLL
*SFR* 00000095H   DATA     BYTE      RCTAGH
*SFR* 00000094H   DATA     BYTE      RCTAGL
*SFR* 00000098H.4 DATA     BIT       REN
      0200FC07H   XDATA    BYTE      REPSET
*SFR* 00000098H   DATA     BIT       RI0
*SFR* 000000D0H.3 DATA     BIT       RS0
*SFR* 000000D0H.4 DATA     BIT       RS1
*SFR* 000000F7H   DATA     BYTE      RSTF
*SFR* 000000ECH   DATA     BYTE      RTAH
*SFR* 000000EBH   DATA     BYTE      RTAM
*SFR* 000000EAH   DATA     BYTE      RTAS
*SFR* 000000F6H   DATA     BYTE      RTCDH
*SFR* 000000F5H   DATA     BYTE      RTCDL
*SFR* 000000F4H   DATA     BYTE      RTCH
*SFR* 000000EEH   DATA     BYTE      RTCIF
*SFR* 000000F3H   DATA     BYTE      RTCM
*SFR* 000000F1H   DATA     BYTE      RTCON
*SFR* 000000F2H   DATA     BYTE      RTCS
*SFR* 000000E9H   DATA     BYTE      RTCSS
*SFR* 000000EDH   DATA     BYTE      RTMSS
*SFR* 00000099H   DATA     BYTE      S0BUF
*SFR* 00000098H   DATA     BYTE      S0CON
*SFR* 0000009BH   DATA     BYTE      S1BUF
*SFR* 0000009AH   DATA     BYTE      S1CON
*SFR* 0000009DH   DATA     BYTE      S1RELH
*SFR* 0000009CH   DATA     BYTE      S1RELL
*SFR* 00000098H.7 DATA     BIT       SM0
*SFR* 00000098H.6 DATA     BIT       SM1
*SFR* 00000098H.5 DATA     BIT       SM2
*SFR* 00000081H   DATA     BYTE      SP
      02008100H   XDATA    BYTE      SPMAX
*SFR* 000000FFH   DATA     BYTE      STPSTH
*SFR* 000000FEH   DATA     BYTE      STPSTL
*DEL*:00000000H   CODE     ---       Sys_Clk_Set_IRCH
*DEL*:00000000H   CODE     ---       Sys_Clk_Set_IRCL
*DEL*:00000000H   CODE     ---       Sys_Clk_Set_TFRC
*DEL*:00000000H   CODE     ---       Sys_Clk_Set_XOSCL
*SFR* 000000CBH   DATA     BYTE      T2CH
*SFR* 000000CAH   DATA     BYTE      T2CL
*SFR* 000000C8H   DATA     BYTE      T2CON
LX51 LINKER/LOCATER V4.64.0.0                                                         05/13/2019  17:53:27  PAGE 9


*SFR* 000000C8H.3 DATA     BIT       T2IE
*SFR* 000000C9H   DATA     BYTE      T2MOD
*SFR* 000000C8H   DATA     BIT       T2P0
*SFR* 000000C8H.1 DATA     BIT       T2P1
*SFR* 000000C8H.4 DATA     BIT       T2R0
*SFR* 000000C8H.5 DATA     BIT       T2R1
*SFR* 00000098H.3 DATA     BIT       TB8
*SFR* 00000088H   DATA     BYTE      TCON
*SFR* 00000088H.5 DATA     BIT       TF0
*SFR* 00000088H.7 DATA     BIT       TF1
*SFR* 000000C8H.7 DATA     BIT       TF2
*SFR* 000000AFH   DATA     BYTE      TFCFG
*SFR* 0000008CH   DATA     BYTE      TH0
*SFR* 0000008DH   DATA     BYTE      TH1
*SFR* 000000CDH   DATA     BYTE      TH2
*SFR* 00000098H.1 DATA     BIT       TI0
*SFR* 000000C2H   DATA     BYTE      TKCFG
*SFR* 000000C4H   DATA     BYTE      TKCHS
*SFR* 000000C1H   DATA     BYTE      TKCON
*SFR* 000000C7H   DATA     BYTE      TKIF
*SFR* 000000D5H   DATA     BYTE      TKMAXF
*SFR* 000000D6H   DATA     BYTE      TKMINF
*SFR* 000000CFH   DATA     BYTE      TKMSH
*SFR* 000000CEH   DATA     BYTE      TKMSL
*SFR* 000000C3H   DATA     BYTE      TKMTS
      02008103H   XDATA    BYTE      TKPWC
*SFR* 0000008AH   DATA     BYTE      TL0
*SFR* 0000008BH   DATA     BYTE      TL1
*SFR* 000000CCH   DATA     BYTE      TL2
      0200810AH   XDATA    BYTE      TLCKS
      0200810FH   XDATA    BYTE      TLCNTD
      0200810CH   XDATA    BYTE      TLCNTKH
      0200810BH   XDATA    BYTE      TLCNTKL
      0200810EH   XDATA    BYTE      TLCNTLH
      0200810DH   XDATA    BYTE      TLCNTLL
      02008110H   XDATA    BYTE      TLCOMS
      02008108H   XDATA    BYTE      TLCON
      02008107H   XDATA    BYTE      TLDAT
      02008106H   XDATA    BYTE      TLEN
      02008109H   XDATA    BYTE      TLFLG
*SFR* 00000089H   DATA     BYTE      TMOD
      0200811FH   XDATA    BYTE      TPCTL
*SFR* 00000088H.4 DATA     BIT       TR0
*SFR* 00000088H.6 DATA     BIT       TR1
*SFR* 000000C8H.6 DATA     BIT       TR2
      01000026H   CODE     ---       UART0_ISR
      02000100H   XDATA    ---       uart0_rev
      02000102H   XDATA    ---       uart0_rx_buf
      02000166H   XDATA    ---       uart0_send
      00000008H   DATA     ---       uart0_tx_buf
      00000021H.1 BIT      BIT       uart0_tx_flag
*SFR* 000000C8H.2 DATA     BIT       UCKS
*SFR* 00000093H   DATA     BYTE      VCKDH
*SFR* 00000092H   DATA     BYTE      VCKDL
*SFR* 000000A9H   DATA     BYTE      WDCON
*SFR* 000000AAH   DATA     BYTE      WDFLG
*SFR* 000000ACH   DATA     BYTE      WDVTHH
*SFR* 000000ABH   DATA     BYTE      WDVTHL



SYMBOL TABLE OF MODULE:  ca51fx (UART)

      VALUE       REP       CLASS    TYPE      SYMBOL NAME
      ====================================================
LX51 LINKER/LOCATER V4.64.0.0                                                         05/13/2019  17:53:27  PAGE 10


      ---         MODULE    ---      ---       UART
      02000166H   PUBLIC    XDATA    ---       uart0_send
      00000008H   PUBLIC    DATA     ---       uart0_tx_buf
      02000102H   PUBLIC    XDATA    ---       uart0_rx_buf
      00000021H.1 PUBLIC    BIT      BIT       uart0_tx_flag
      02000100H   PUBLIC    XDATA    ---       uart0_rev
      00000022H   PUBLIC    DATA     BYTE      ?_uart_printf?BYTE
      01000148H   PUBLIC    CODE     ---       _uart_printf
      01000178H   PUBLIC    CODE     ---       _UartPutStr
      01000026H   PUBLIC    CODE     ---       UART0_ISR
      010000EDH   PUBLIC    CODE     ---       _Uart0_PutChar
      0100008EH   PUBLIC    CODE     ---       _Uart0_Initial
      000000E3H   SFRSYM    DATA     BYTE      LXDAT
      000000C4H   SFRSYM    DATA     BYTE      TKCHS
      00000080H   SFRSYM    DATA     BYTE      P0
      000000C1H   SFRSYM    DATA     BYTE      TKCON
      00000090H   SFRSYM    DATA     BYTE      P1
      000000A0H   SFRSYM    DATA     BYTE      P2
      000000B0H   SFRSYM    DATA     BYTE      P3
      000000D0H.6 SFRSYM    DATA     BIT       AC
      000000A8H.7 SFRSYM    DATA     BIT       EA
      000000E1H   SFRSYM    DATA     BYTE      LXCON
      000000C8H   SFRSYM    DATA     BIT       T2P0
      000000C8H.1 SFRSYM    DATA     BIT       T2P1
      000000F1H   SFRSYM    DATA     BYTE      RTCON
      000000C8H.4 SFRSYM    DATA     BIT       T2R0
      000000D8H   SFRSYM    DATA     BYTE      PWMEN
      000000CFH   SFRSYM    DATA     BYTE      TKMSH
      00000086H   SFRSYM    DATA     BYTE      PWCON
      000000C8H.5 SFRSYM    DATA     BIT       T2R1
      000000CEH   SFRSYM    DATA     BYTE      TKMSL
      00000083H   SFRSYM    DATA     BYTE      DP0H
      000000A8H   SFRSYM    DATA     BYTE      IE
      00000085H   SFRSYM    DATA     BYTE      DP1H
      000000E9H   SFRSYM    DATA     BYTE      RTCSS
      00000082H   SFRSYM    DATA     BYTE      DP0L
      000000CBH   SFRSYM    DATA     BYTE      T2CH
      000000B3H   SFRSYM    DATA     BYTE      I2CADM
      00000084H   SFRSYM    DATA     BYTE      DP1L
      000000C8H.3 SFRSYM    DATA     BIT       T2IE
      000000C3H   SFRSYM    DATA     BYTE      TKMTS
      000000CAH   SFRSYM    DATA     BYTE      T2CL
      000000B2H   SFRSYM    DATA     BYTE      I2CADR
      000000B4H   SFRSYM    DATA     BYTE      I2CCCR
      000000B8H   SFRSYM    DATA     BYTE      IP
      000000B7H   SFRSYM    DATA     BYTE      I2CFLG
      000000B5H   SFRSYM    DATA     BYTE      I2CDAT
      000000EDH   SFRSYM    DATA     BYTE      RTMSS
      000000D0H.7 SFRSYM    DATA     BIT       CY
      000000BBH   SFRSYM    DATA     BYTE      ADCFGH
      000000DAH   SFRSYM    DATA     BYTE      PWMCMAX
      000000B1H   SFRSYM    DATA     BYTE      I2CCON
      000000DEH   SFRSYM    DATA     BYTE      PWMDIVH
      000000BAH   SFRSYM    DATA     BYTE      ADCFGL
      00000081H   SFRSYM    DATA     BYTE      SP
      000000F9H   SFRSYM    DATA     BYTE      EPIE
      000000D0H.2 SFRSYM    DATA     BIT       OV
      000000FAH   SFRSYM    DATA     BYTE      EPIF
      000000DDH   SFRSYM    DATA     BYTE      PWMDIVL
      000000B6H   SFRSYM    DATA     BYTE      I2CSTA
      000000A5H   SFRSYM    DATA     BYTE      IHCFGH
      000000E8H   SFRSYM    DATA     BYTE      EXIE
      000000D1H   SFRSYM    DATA     BYTE      PWMDUTH
      000000C7H   SFRSYM    DATA     BYTE      TKIF
      000000A7H   SFRSYM    DATA     BYTE      ILCFGH
LX51 LINKER/LOCATER V4.64.0.0                                                         05/13/2019  17:53:27  PAGE 11


      000000A4H   SFRSYM    DATA     BYTE      IHCFGL
      0000008FH   SFRSYM    DATA     BYTE      IT0CON
      00000080H   SFRSYM    DATA     BIT       P00
      000000ECH   SFRSYM    DATA     BYTE      RTAH
      000000DFH   SFRSYM    DATA     BYTE      PWMDUTL
      0000008EH   SFRSYM    DATA     BYTE      IT1CON
      00000090H   SFRSYM    DATA     BIT       P10
      00000080H.1 SFRSYM    DATA     BIT       P01
      0000009DH   SFRSYM    DATA     BYTE      S1RELH
      00000087H   SFRSYM    DATA     BYTE      PCON
      000000A0H   SFRSYM    DATA     BIT       P20
      00000090H.1 SFRSYM    DATA     BIT       P11
      00000080H.2 SFRSYM    DATA     BIT       P02
      000000E8H   SFRSYM    DATA     BIT       INT2EN
      000000F4H   SFRSYM    DATA     BYTE      RTCH
      000000B0H   SFRSYM    DATA     BIT       P30
      000000A0H.1 SFRSYM    DATA     BIT       P21
      00000090H.2 SFRSYM    DATA     BIT       P12
      00000080H.3 SFRSYM    DATA     BIT       P03
      000000E8H.1 SFRSYM    DATA     BIT       INT3EN
      000000A6H   SFRSYM    DATA     BYTE      ILCFGL
      000000B0H.1 SFRSYM    DATA     BIT       P31
      000000A0H.2 SFRSYM    DATA     BIT       P22
      00000090H.3 SFRSYM    DATA     BIT       P13
      00000080H.4 SFRSYM    DATA     BIT       P04
      000000E8H.2 SFRSYM    DATA     BIT       INT4EN
      000000B0H.2 SFRSYM    DATA     BIT       P32
      000000A0H.3 SFRSYM    DATA     BIT       P23
      00000090H.4 SFRSYM    DATA     BIT       P14
      00000080H.5 SFRSYM    DATA     BIT       P05
      000000E8H.3 SFRSYM    DATA     BIT       INT5EN
      000000EBH   SFRSYM    DATA     BYTE      RTAM
      0000009CH   SFRSYM    DATA     BYTE      S1RELL
      00000089H   SFRSYM    DATA     BYTE      TMOD
      00000088H   SFRSYM    DATA     BYTE      TCON
      000000B0H.3 SFRSYM    DATA     BIT       P33
      000000A0H.4 SFRSYM    DATA     BIT       P24
      00000090H.5 SFRSYM    DATA     BIT       P15
      00000080H.6 SFRSYM    DATA     BIT       P06
      000000E8H.4 SFRSYM    DATA     BIT       INT6EN
      000000B0H.4 SFRSYM    DATA     BIT       P34
      000000A0H.5 SFRSYM    DATA     BIT       P25
      00000090H.6 SFRSYM    DATA     BIT       P16
      00000080H.7 SFRSYM    DATA     BIT       P07
      000000E8H.5 SFRSYM    DATA     BIT       INT7EN
      000000C8H.2 SFRSYM    DATA     BIT       UCKS
      000000F8H   SFRSYM    DATA     BYTE      EXIP
      000000F3H   SFRSYM    DATA     BYTE      RTCM
      000000B0H.5 SFRSYM    DATA     BIT       P35
      000000A0H.6 SFRSYM    DATA     BIT       P26
      00000090H.7 SFRSYM    DATA     BIT       P17
      000000E8H.6 SFRSYM    DATA     BIT       INT8EN
      000000B0H.6 SFRSYM    DATA     BIT       P36
      000000E8H.7 SFRSYM    DATA     BIT       INT9EN
      000000B0H.7 SFRSYM    DATA     BIT       P37
      000000EAH   SFRSYM    DATA     BYTE      RTAS
      000000D7H   SFRSYM    DATA     BYTE      HVTH
      00000095H   SFRSYM    DATA     BYTE      RCTAGH
      000000F2H   SFRSYM    DATA     BYTE      RTCS
      00000088H.1 SFRSYM    DATA     BIT       IE0
      00000088H.3 SFRSYM    DATA     BIT       IE1
      00000094H   SFRSYM    DATA     BYTE      RCTAGL
      000000F7H   SFRSYM    DATA     BYTE      RSTF
      000000F0H   SFRSYM    DATA     BYTE      B
      000000DCH   SFRSYM    DATA     BYTE      PWMCFG
LX51 LINKER/LOCATER V4.64.0.0                                                         05/13/2019  17:53:27  PAGE 12


      000000D2H   SFRSYM    DATA     BYTE      PWMAIF
      000000E0H   SFRSYM    DATA     BYTE      ACC
      000000D3H   SFRSYM    DATA     BYTE      PWMBIF
      0000009FH   SFRSYM    DATA     BYTE      RCMSHH
      000000A8H.4 SFRSYM    DATA     BIT       ES0
      000000EFH   SFRSYM    DATA     BYTE      LVDCON
      000000D4H   SFRSYM    DATA     BYTE      PWMCIF
      000000A8H.1 SFRSYM    DATA     BIT       ET0
      000000A8H.6 SFRSYM    DATA     BIT       ES1
      000000A8H.3 SFRSYM    DATA     BIT       ET1
      00000088H.5 SFRSYM    DATA     BIT       TF0
      000000FDH   SFRSYM    DATA     BYTE      IDLSTH
      000000ADH   SFRSYM    DATA     BYTE      PLLCON
      000000A8H.5 SFRSYM    DATA     BIT       ET2
      00000098H   SFRSYM    DATA     BIT       RI0
      00000088H.7 SFRSYM    DATA     BIT       TF1
      000000D6H   SFRSYM    DATA     BYTE      TKMINF
      0000009EH   SFRSYM    DATA     BYTE      RCMSHL
      00000097H   SFRSYM    DATA     BYTE      RCMSLH
      000000C8H.7 SFRSYM    DATA     BIT       TF2
      00000098H.2 SFRSYM    DATA     BIT       RB8
      0000008CH   SFRSYM    DATA     BYTE      TH0
      000000A8H   SFRSYM    DATA     BIT       EX0
      00000098H.1 SFRSYM    DATA     BIT       TI0
      00000088H   SFRSYM    DATA     BIT       IT0
      000000D5H   SFRSYM    DATA     BYTE      TKMAXF
      0000008DH   SFRSYM    DATA     BYTE      TH1
      000000A8H.2 SFRSYM    DATA     BIT       EX1
      00000098H.3 SFRSYM    DATA     BIT       TB8
      00000088H.2 SFRSYM    DATA     BIT       IT1
      000000FCH   SFRSYM    DATA     BYTE      IDLSTL
      000000CDH   SFRSYM    DATA     BYTE      TH2
      000000D0H   SFRSYM    DATA     BIT       P
      00000096H   SFRSYM    DATA     BYTE      RCMSLL
      00000098H.7 SFRSYM    DATA     BIT       SM0
      0000008AH   SFRSYM    DATA     BYTE      TL0
      00000098H.6 SFRSYM    DATA     BIT       SM1
      000000E5H   SFRSYM    DATA     BYTE      LXDIVH
      0000008BH   SFRSYM    DATA     BYTE      TL1
      00000098H.5 SFRSYM    DATA     BIT       SM2
      000000CCH   SFRSYM    DATA     BYTE      TL2
      000000B8H.4 SFRSYM    DATA     BIT       PS0
      000000B8H.1 SFRSYM    DATA     BIT       PT0
      000000B8H.6 SFRSYM    DATA     BIT       PS1
      000000B8H.3 SFRSYM    DATA     BIT       PT1
      000000D0H.3 SFRSYM    DATA     BIT       RS0
      000000E4H   SFRSYM    DATA     BYTE      LXDIVL
      000000BDH   SFRSYM    DATA     BYTE      ADCDH
      000000B8H.5 SFRSYM    DATA     BIT       PT2
      00000088H.4 SFRSYM    DATA     BIT       TR0
      000000D0H.4 SFRSYM    DATA     BIT       RS1
      000000DBH   SFRSYM    DATA     BYTE      PWMCON
      00000088H.6 SFRSYM    DATA     BIT       TR1
      000000ACH   SFRSYM    DATA     BYTE      WDVTHH
      000000C8H.6 SFRSYM    DATA     BIT       TR2
      000000B8H   SFRSYM    DATA     BIT       PX0
      000000B8H.2 SFRSYM    DATA     BIT       PX1
      000000BCH   SFRSYM    DATA     BYTE      ADCDL
      000000ABH   SFRSYM    DATA     BYTE      WDVTHL
      000000D9H   SFRSYM    DATA     BYTE      PWMUPD
      00000099H   SFRSYM    DATA     BYTE      S0BUF
      0000009BH   SFRSYM    DATA     BYTE      S1BUF
      00000098H   SFRSYM    DATA     BYTE      S0CON
      00000098H.4 SFRSYM    DATA     BIT       REN
      0000009AH   SFRSYM    DATA     BYTE      S1CON
LX51 LINKER/LOCATER V4.64.0.0                                                         05/13/2019  17:53:27  PAGE 13


      000000B9H   SFRSYM    DATA     BYTE      ADCON
      000000D0H.1 SFRSYM    DATA     BIT       DPS
      000000C9H   SFRSYM    DATA     BYTE      T2MOD
      000000C8H   SFRSYM    DATA     BYTE      T2CON
      000000FFH   SFRSYM    DATA     BYTE      STPSTH
      000000BFH   SFRSYM    DATA     BYTE      CKMIF
      000000AFH   SFRSYM    DATA     BYTE      TFCFG
      000000FEH   SFRSYM    DATA     BYTE      STPSTL
      000000A1H   SFRSYM    DATA     BYTE      CKCON
      000000C2H   SFRSYM    DATA     BYTE      TKCFG
      00000093H   SFRSYM    DATA     BYTE      VCKDH
      000000A3H   SFRSYM    DATA     BYTE      CKDIV
      000000A2H   SFRSYM    DATA     BYTE      CKSEL
      000000D0H.5 SFRSYM    DATA     BIT       F0
      000000E2H   SFRSYM    DATA     BYTE      LXCFG
      000000AAH   SFRSYM    DATA     BYTE      WDFLG
      00000092H   SFRSYM    DATA     BYTE      VCKDL
      000000FBH   SFRSYM    DATA     BYTE      EPCON
      000000F6H   SFRSYM    DATA     BYTE      RTCDH
      000000C6H   SFRSYM    DATA     BYTE      ATKMH
      00000091H   SFRSYM    DATA     BYTE      RCCON
      000000E7H   SFRSYM    DATA     BYTE      ATKNH
      000000EEH   SFRSYM    DATA     BYTE      RTCIF
      000000C0H   SFRSYM    DATA     BYTE      INDEX
      000000BEH   SFRSYM    DATA     BYTE      CKMON
      000000F5H   SFRSYM    DATA     BYTE      RTCDL
      000000D0H   SFRSYM    DATA     BYTE      PSW
      000000C5H   SFRSYM    DATA     BYTE      ATKML
      000000E6H   SFRSYM    DATA     BYTE      ATKNL
      000000A9H   SFRSYM    DATA     BYTE      WDCON

      0100008EH   BLOCK     CODE     ---       LVL=0
      00000022H   SYMBOL    DATA     DWORD     baudrate
      01000096H   BLOCK     CODE     NEAR LAB  LVL=1
      00000004H   SYMBOL    DATA     WORD      value_temp
      ---         BLOCKEND  ---      ---       LVL=1
      0100008EH   LINE      CODE     ---       #19
      01000096H   LINE      CODE     ---       #20
      01000096H   LINE      CODE     ---       #23
      0100009CH   LINE      CODE     ---       #24
      010000A0H   LINE      CODE     ---       #26
      010000A5H   LINE      CODE     ---       #27
      010000A7H   LINE      CODE     ---       #28
      010000ABH   LINE      CODE     ---       #29
      010000ADH   LINE      CODE     ---       #30
      010000AFH   LINE      CODE     ---       #34
      010000DAH   LINE      CODE     ---       #35
      010000DDH   LINE      CODE     ---       #36
      010000DFH   LINE      CODE     ---       #37
      010000E1H   LINE      CODE     ---       #38
      010000E3H   LINE      CODE     ---       #39
      010000E5H   LINE      CODE     ---       #40
      010000E7H   LINE      CODE     ---       #56
      010000EAH   LINE      CODE     ---       #57
      010000ECH   LINE      CODE     ---       #58
      ---         BLOCKEND  ---      ---       LVL=0

      010000EDH   BLOCK     CODE     ---       LVL=0
      00000007H   SYMBOL    DATA     BYTE      bdat
      010000EDH   BLOCK     CODE     NEAR LAB  LVL=1
      00000006H   SYMBOL    DATA     BYTE      free_space
      00000005H   SYMBOL    DATA     BYTE      tail_tmp
      ---         BLOCKEND  ---      ---       LVL=1
      010000EDH   LINE      CODE     ---       #59
      010000EDH   LINE      CODE     ---       #60
LX51 LINKER/LOCATER V4.64.0.0                                                         05/13/2019  17:53:27  PAGE 14


      010000EDH   LINE      CODE     ---       #63
      010000EDH   LINE      CODE     ---       #64
      010000EDH   LINE      CODE     ---       #65
      010000F2H   LINE      CODE     ---       #66
      010000FBH   LINE      CODE     ---       #67
      010000FBH   LINE      CODE     ---       #68
      010000FFH   LINE      CODE     ---       #69
      01000101H   LINE      CODE     ---       #71
      01000101H   LINE      CODE     ---       #72
      0100010EH   LINE      CODE     ---       #73
      0100010EH   LINE      CODE     ---       #74
      01000114H   LINE      CODE     ---       #75
      01000114H   LINE      CODE     ---       #76
      01000116H   LINE      CODE     ---       #77
      0100011CH   LINE      CODE     ---       #78
      01000124H   LINE      CODE     ---       #79
      0100012AH   LINE      CODE     ---       #80
      0100012DH   LINE      CODE     ---       #81
      0100012DH   LINE      CODE     ---       #82
      0100012FH   LINE      CODE     ---       #83
      01000133H   LINE      CODE     ---       #84
      0100013BH   LINE      CODE     ---       #85
      01000142H   LINE      CODE     ---       #86
      01000144H   LINE      CODE     ---       #87
      01000145H   LINE      CODE     ---       #89
      01000145H   LINE      CODE     ---       #90
      01000147H   LINE      CODE     ---       #91
      01000147H   LINE      CODE     ---       #92
      01000147H   LINE      CODE     ---       #93
      01000147H   LINE      CODE     ---       #94
      01000147H   LINE      CODE     ---       #95
      ---         BLOCKEND  ---      ---       LVL=0

      01000026H   BLOCK     CODE     ---       LVL=0
      01000026H   LINE      CODE     ---       #96
      01000037H   LINE      CODE     ---       #98
      0100003AH   LINE      CODE     ---       #99
      0100003AH   LINE      CODE     ---       #100
      0100003CH   LINE      CODE     ---       #101
      01000042H   LINE      CODE     ---       #102
      0100004AH   LINE      CODE     ---       #103
      01000057H   LINE      CODE     ---       #104
      01000057H   LINE      CODE     ---       #105
      0100005AH   LINE      CODE     ---       #106
      0100005AH   LINE      CODE     ---       #107
      0100005CH   LINE      CODE     ---       #108
      01000068H   LINE      CODE     ---       #109
      01000068H   LINE      CODE     ---       #110
      0100006CH   LINE      CODE     ---       #111
      01000074H   LINE      CODE     ---       #112
      0100007BH   LINE      CODE     ---       #113
      0100007DH   LINE      CODE     ---       #115
      0100007DH   LINE      CODE     ---       #116
      0100007FH   LINE      CODE     ---       #117
      0100007FH   LINE      CODE     ---       #118
      0100007FH   LINE      CODE     ---       #119
      ---         BLOCKEND  ---      ---       LVL=0

      01000178H   BLOCK     CODE     ---       LVL=0
      00000037H   SYMBOL    DATA     ---       str
      01000178H   LINE      CODE     ---       #214
      0100017EH   LINE      CODE     ---       #215
      0100017EH   LINE      CODE     ---       #216
      01000189H   LINE      CODE     ---       #217
      01000189H   LINE      CODE     ---       #218
LX51 LINKER/LOCATER V4.64.0.0                                                         05/13/2019  17:53:27  PAGE 15


      0100019AH   LINE      CODE     ---       #219
      0100019CH   LINE      CODE     ---       #220
      ---         BLOCKEND  ---      ---       LVL=0

      01000148H   BLOCK     CODE     ---       LVL=0
      00000022H   SYMBOL    DATA     ---       fmt
      0100014EH   BLOCK     CODE     NEAR LAB  LVL=1
      00000025H   SYMBOL    DATA     ---       ellipsis_15
      00000034H   SYMBOL    DATA     ---       ap
      02000000H   SYMBOL    XDATA    ---       string
      ---         BLOCKEND  ---      ---       LVL=1
      01000148H   LINE      CODE     ---       #221
      0100014EH   LINE      CODE     ---       #222
      0100014EH   LINE      CODE     ---       #225
      01000157H   LINE      CODE     ---       #226
      0100016FH   LINE      CODE     ---       #227
      ---         BLOCKEND  ---      ---       LVL=0

      ---         MODULE    ---      ---       MAIN
      02008007H   PUBLIC    XDATA    BYTE      P07F
      0200800EH   PUBLIC    XDATA    BYTE      P16F
      0200801CH   PUBLIC    XDATA    BYTE      P34F
      0200813FH   PUBLIC    XDATA    BYTE      P37C
      02008006H   PUBLIC    XDATA    BYTE      P06F
      0200800DH   PUBLIC    XDATA    BYTE      P15F
      0200801BH   PUBLIC    XDATA    BYTE      P33F
      0200813EH   PUBLIC    XDATA    BYTE      P36C
      02008005H   PUBLIC    XDATA    BYTE      P05F
      0200800CH   PUBLIC    XDATA    BYTE      P14F
      0200801AH   PUBLIC    XDATA    BYTE      P32F
      0200812FH   PUBLIC    XDATA    BYTE      P17C
      0200813DH   PUBLIC    XDATA    BYTE      P35C
      02008004H   PUBLIC    XDATA    BYTE      P04F
      0200800BH   PUBLIC    XDATA    BYTE      P13F
      02008019H   PUBLIC    XDATA    BYTE      P31F
      02008107H   PUBLIC    XDATA    BYTE      TLDAT
      02008109H   PUBLIC    XDATA    BYTE      TLFLG
      02008127H   PUBLIC    XDATA    BYTE      P07C
      0200812EH   PUBLIC    XDATA    BYTE      P16C
      0200813CH   PUBLIC    XDATA    BYTE      P34C
      02008003H   PUBLIC    XDATA    BYTE      P03F
      0200800AH   PUBLIC    XDATA    BYTE      P12F
      02008011H   PUBLIC    XDATA    BYTE      P21F
      02008018H   PUBLIC    XDATA    BYTE      P30F
      02008126H   PUBLIC    XDATA    BYTE      P06C
      0200812DH   PUBLIC    XDATA    BYTE      P15C
      0200813BH   PUBLIC    XDATA    BYTE      P33C
      02008002H   PUBLIC    XDATA    BYTE      P02F
      02008009H   PUBLIC    XDATA    BYTE      P11F
      02008010H   PUBLIC    XDATA    BYTE      P20F
      02008125H   PUBLIC    XDATA    BYTE      P05C
      0200812CH   PUBLIC    XDATA    BYTE      P14C
      0200813AH   PUBLIC    XDATA    BYTE      P32C
      02008001H   PUBLIC    XDATA    BYTE      P01F
      02008008H   PUBLIC    XDATA    BYTE      P10F
      02008124H   PUBLIC    XDATA    BYTE      P04C
      0200812BH   PUBLIC    XDATA    BYTE      P13C
      02008139H   PUBLIC    XDATA    BYTE      P31C
      02008000H   PUBLIC    XDATA    BYTE      P00F
      02008123H   PUBLIC    XDATA    BYTE      P03C
      0200812AH   PUBLIC    XDATA    BYTE      P12C
      02008131H   PUBLIC    XDATA    BYTE      P21C
      02008138H   PUBLIC    XDATA    BYTE      P30C
      02008122H   PUBLIC    XDATA    BYTE      P02C
      02008129H   PUBLIC    XDATA    BYTE      P11C
LX51 LINKER/LOCATER V4.64.0.0                                                         05/13/2019  17:53:27  PAGE 16


      02008130H   PUBLIC    XDATA    BYTE      P20C
      0200FC0FH   PUBLIC    XDATA    BYTE      PADRM
      02008121H   PUBLIC    XDATA    BYTE      P01C
      02008128H   PUBLIC    XDATA    BYTE      P10C
      02008120H   PUBLIC    XDATA    BYTE      P00C
      0200FC00H   PUBLIC    XDATA    BYTE      MECON
      0200FC02H   PUBLIC    XDATA    BYTE      FSDAT
      0200FC01H   PUBLIC    XDATA    BYTE      FSCMD
      02008117H   PUBLIC    XDATA    BYTE      LXCAD
      0200FC04H   PUBLIC    XDATA    BYTE      PADRD
      0200FC07H   PUBLIC    XDATA    BYTE      REPSET
      02008110H   PUBLIC    XDATA    BYTE      TLCOMS
      0200810FH   PUBLIC    XDATA    BYTE      TLCNTD
      0200FC05H   PUBLIC    XDATA    BYTE      PTSL
      0200FC06H   PUBLIC    XDATA    BYTE      PTSH
      02008106H   PUBLIC    XDATA    BYTE      TLEN
      02008101H   PUBLIC    XDATA    BYTE      I2CIOS
      0200FC03H   PUBLIC    XDATA    BYTE      LOCK
      02008020H   PUBLIC    XDATA    BYTE      ADCALL
      0200810DH   PUBLIC    XDATA    BYTE      TLCNTLL
      02008021H   PUBLIC    XDATA    BYTE      ADCALH
      0200810BH   PUBLIC    XDATA    BYTE      TLCNTKL
      0200810EH   PUBLIC    XDATA    BYTE      TLCNTLH
      0200810CH   PUBLIC    XDATA    BYTE      TLCNTKH
      0200FC0DH   PUBLIC    XDATA    BYTE      MEMPTEC
      02008100H   PUBLIC    XDATA    BYTE      SPMAX
      02008103H   PUBLIC    XDATA    BYTE      TKPWC
      0200811FH   PUBLIC    XDATA    BYTE      TPCTL
      0200810AH   PUBLIC    XDATA    BYTE      TLCKS
      02008108H   PUBLIC    XDATA    BYTE      TLCON
      0200801FH   PUBLIC    XDATA    BYTE      P37F
      0200801EH   PUBLIC    XDATA    BYTE      P36F
      0200800FH   PUBLIC    XDATA    BYTE      P17F
      0200801DH   PUBLIC    XDATA    BYTE      P35F
      0200811EH   PUBLIC    XDATA    BYTE      FTCTL
      01000003H   PUBLIC    CODE     ---       main
      000000E3H   SFRSYM    DATA     BYTE      LXDAT
      000000C4H   SFRSYM    DATA     BYTE      TKCHS
      00000080H   SFRSYM    DATA     BYTE      P0
      000000C1H   SFRSYM    DATA     BYTE      TKCON
      00000090H   SFRSYM    DATA     BYTE      P1
      000000A0H   SFRSYM    DATA     BYTE      P2
      000000B0H   SFRSYM    DATA     BYTE      P3
      000000D0H.6 SFRSYM    DATA     BIT       AC
      000000A8H.7 SFRSYM    DATA     BIT       EA
      000000E1H   SFRSYM    DATA     BYTE      LXCON
      000000C8H   SFRSYM    DATA     BIT       T2P0
      000000C8H.1 SFRSYM    DATA     BIT       T2P1
      000000F1H   SFRSYM    DATA     BYTE      RTCON
      000000C8H.4 SFRSYM    DATA     BIT       T2R0
      000000D8H   SFRSYM    DATA     BYTE      PWMEN
      000000CFH   SFRSYM    DATA     BYTE      TKMSH
      00000086H   SFRSYM    DATA     BYTE      PWCON
      000000C8H.5 SFRSYM    DATA     BIT       T2R1
      000000CEH   SFRSYM    DATA     BYTE      TKMSL
      00000083H   SFRSYM    DATA     BYTE      DP0H
      000000A8H   SFRSYM    DATA     BYTE      IE
      00000085H   SFRSYM    DATA     BYTE      DP1H
      000000E9H   SFRSYM    DATA     BYTE      RTCSS
      00000082H   SFRSYM    DATA     BYTE      DP0L
      000000CBH   SFRSYM    DATA     BYTE      T2CH
      000000B3H   SFRSYM    DATA     BYTE      I2CADM
      00000084H   SFRSYM    DATA     BYTE      DP1L
      000000C8H.3 SFRSYM    DATA     BIT       T2IE
      000000C3H   SFRSYM    DATA     BYTE      TKMTS
LX51 LINKER/LOCATER V4.64.0.0                                                         05/13/2019  17:53:27  PAGE 17


      000000CAH   SFRSYM    DATA     BYTE      T2CL
      000000B2H   SFRSYM    DATA     BYTE      I2CADR
      000000B4H   SFRSYM    DATA     BYTE      I2CCCR
      000000B8H   SFRSYM    DATA     BYTE      IP
      000000B7H   SFRSYM    DATA     BYTE      I2CFLG
      000000B5H   SFRSYM    DATA     BYTE      I2CDAT
      000000EDH   SFRSYM    DATA     BYTE      RTMSS
      000000D0H.7 SFRSYM    DATA     BIT       CY
      000000BBH   SFRSYM    DATA     BYTE      ADCFGH
      000000DAH   SFRSYM    DATA     BYTE      PWMCMAX
      000000B1H   SFRSYM    DATA     BYTE      I2CCON
      000000DEH   SFRSYM    DATA     BYTE      PWMDIVH
      000000BAH   SFRSYM    DATA     BYTE      ADCFGL
      00000081H   SFRSYM    DATA     BYTE      SP
      000000F9H   SFRSYM    DATA     BYTE      EPIE
      000000D0H.2 SFRSYM    DATA     BIT       OV
      000000FAH   SFRSYM    DATA     BYTE      EPIF
      000000DDH   SFRSYM    DATA     BYTE      PWMDIVL
      000000B6H   SFRSYM    DATA     BYTE      I2CSTA
      000000A5H   SFRSYM    DATA     BYTE      IHCFGH
      000000E8H   SFRSYM    DATA     BYTE      EXIE
      000000D1H   SFRSYM    DATA     BYTE      PWMDUTH
      000000C7H   SFRSYM    DATA     BYTE      TKIF
      000000A7H   SFRSYM    DATA     BYTE      ILCFGH
      000000A4H   SFRSYM    DATA     BYTE      IHCFGL
      0000008FH   SFRSYM    DATA     BYTE      IT0CON
      00000080H   SFRSYM    DATA     BIT       P00
      000000ECH   SFRSYM    DATA     BYTE      RTAH
      000000DFH   SFRSYM    DATA     BYTE      PWMDUTL
      0000008EH   SFRSYM    DATA     BYTE      IT1CON
      00000090H   SFRSYM    DATA     BIT       P10
      00000080H.1 SFRSYM    DATA     BIT       P01
      0000009DH   SFRSYM    DATA     BYTE      S1RELH
      00000087H   SFRSYM    DATA     BYTE      PCON
      000000A0H   SFRSYM    DATA     BIT       P20
      00000090H.1 SFRSYM    DATA     BIT       P11
      00000080H.2 SFRSYM    DATA     BIT       P02
      000000E8H   SFRSYM    DATA     BIT       INT2EN
      000000F4H   SFRSYM    DATA     BYTE      RTCH
      000000B0H   SFRSYM    DATA     BIT       P30
      000000A0H.1 SFRSYM    DATA     BIT       P21
      00000090H.2 SFRSYM    DATA     BIT       P12
      00000080H.3 SFRSYM    DATA     BIT       P03
      000000E8H.1 SFRSYM    DATA     BIT       INT3EN
      000000A6H   SFRSYM    DATA     BYTE      ILCFGL
      000000B0H.1 SFRSYM    DATA     BIT       P31
      000000A0H.2 SFRSYM    DATA     BIT       P22
      00000090H.3 SFRSYM    DATA     BIT       P13
      00000080H.4 SFRSYM    DATA     BIT       P04
      000000E8H.2 SFRSYM    DATA     BIT       INT4EN
      000000B0H.2 SFRSYM    DATA     BIT       P32
      000000A0H.3 SFRSYM    DATA     BIT       P23
      00000090H.4 SFRSYM    DATA     BIT       P14
      00000080H.5 SFRSYM    DATA     BIT       P05
      000000E8H.3 SFRSYM    DATA     BIT       INT5EN
      000000EBH   SFRSYM    DATA     BYTE      RTAM
      0000009CH   SFRSYM    DATA     BYTE      S1RELL
      00000089H   SFRSYM    DATA     BYTE      TMOD
      00000088H   SFRSYM    DATA     BYTE      TCON
      000000B0H.3 SFRSYM    DATA     BIT       P33
      000000A0H.4 SFRSYM    DATA     BIT       P24
      00000090H.5 SFRSYM    DATA     BIT       P15
      00000080H.6 SFRSYM    DATA     BIT       P06
      000000E8H.4 SFRSYM    DATA     BIT       INT6EN
      000000B0H.4 SFRSYM    DATA     BIT       P34
LX51 LINKER/LOCATER V4.64.0.0                                                         05/13/2019  17:53:27  PAGE 18


      000000A0H.5 SFRSYM    DATA     BIT       P25
      00000090H.6 SFRSYM    DATA     BIT       P16
      00000080H.7 SFRSYM    DATA     BIT       P07
      000000E8H.5 SFRSYM    DATA     BIT       INT7EN
      000000C8H.2 SFRSYM    DATA     BIT       UCKS
      000000F8H   SFRSYM    DATA     BYTE      EXIP
      000000F3H   SFRSYM    DATA     BYTE      RTCM
      000000B0H.5 SFRSYM    DATA     BIT       P35
      000000A0H.6 SFRSYM    DATA     BIT       P26
      00000090H.7 SFRSYM    DATA     BIT       P17
      000000E8H.6 SFRSYM    DATA     BIT       INT8EN
      000000B0H.6 SFRSYM    DATA     BIT       P36
      000000E8H.7 SFRSYM    DATA     BIT       INT9EN
      000000B0H.7 SFRSYM    DATA     BIT       P37
      000000EAH   SFRSYM    DATA     BYTE      RTAS
      000000D7H   SFRSYM    DATA     BYTE      HVTH
      00000095H   SFRSYM    DATA     BYTE      RCTAGH
      000000F2H   SFRSYM    DATA     BYTE      RTCS
      00000088H.1 SFRSYM    DATA     BIT       IE0
      00000088H.3 SFRSYM    DATA     BIT       IE1
      00000094H   SFRSYM    DATA     BYTE      RCTAGL
      000000F7H   SFRSYM    DATA     BYTE      RSTF
      000000F0H   SFRSYM    DATA     BYTE      B
      000000DCH   SFRSYM    DATA     BYTE      PWMCFG
      000000D2H   SFRSYM    DATA     BYTE      PWMAIF
      000000E0H   SFRSYM    DATA     BYTE      ACC
      000000D3H   SFRSYM    DATA     BYTE      PWMBIF
      0000009FH   SFRSYM    DATA     BYTE      RCMSHH
      000000A8H.4 SFRSYM    DATA     BIT       ES0
      000000EFH   SFRSYM    DATA     BYTE      LVDCON
      000000D4H   SFRSYM    DATA     BYTE      PWMCIF
      000000A8H.1 SFRSYM    DATA     BIT       ET0
      000000A8H.6 SFRSYM    DATA     BIT       ES1
      000000A8H.3 SFRSYM    DATA     BIT       ET1
      00000088H.5 SFRSYM    DATA     BIT       TF0
      000000FDH   SFRSYM    DATA     BYTE      IDLSTH
      000000ADH   SFRSYM    DATA     BYTE      PLLCON
      000000A8H.5 SFRSYM    DATA     BIT       ET2
      00000098H   SFRSYM    DATA     BIT       RI0
      00000088H.7 SFRSYM    DATA     BIT       TF1
      000000D6H   SFRSYM    DATA     BYTE      TKMINF
      0000009EH   SFRSYM    DATA     BYTE      RCMSHL
      00000097H   SFRSYM    DATA     BYTE      RCMSLH
      000000C8H.7 SFRSYM    DATA     BIT       TF2
      00000098H.2 SFRSYM    DATA     BIT       RB8
      0000008CH   SFRSYM    DATA     BYTE      TH0
      000000A8H   SFRSYM    DATA     BIT       EX0
      00000098H.1 SFRSYM    DATA     BIT       TI0
      00000088H   SFRSYM    DATA     BIT       IT0
      000000D5H   SFRSYM    DATA     BYTE      TKMAXF
      0000008DH   SFRSYM    DATA     BYTE      TH1
      000000A8H.2 SFRSYM    DATA     BIT       EX1
      00000098H.3 SFRSYM    DATA     BIT       TB8
      00000088H.2 SFRSYM    DATA     BIT       IT1
      000000FCH   SFRSYM    DATA     BYTE      IDLSTL
      000000CDH   SFRSYM    DATA     BYTE      TH2
      000000D0H   SFRSYM    DATA     BIT       P
      00000096H   SFRSYM    DATA     BYTE      RCMSLL
      00000098H.7 SFRSYM    DATA     BIT       SM0
      0000008AH   SFRSYM    DATA     BYTE      TL0
      00000098H.6 SFRSYM    DATA     BIT       SM1
      000000E5H   SFRSYM    DATA     BYTE      LXDIVH
      0000008BH   SFRSYM    DATA     BYTE      TL1
      00000098H.5 SFRSYM    DATA     BIT       SM2
      000000CCH   SFRSYM    DATA     BYTE      TL2
LX51 LINKER/LOCATER V4.64.0.0                                                         05/13/2019  17:53:27  PAGE 19


      000000B8H.4 SFRSYM    DATA     BIT       PS0
      000000B8H.1 SFRSYM    DATA     BIT       PT0
      000000B8H.6 SFRSYM    DATA     BIT       PS1
      000000B8H.3 SFRSYM    DATA     BIT       PT1
      000000D0H.3 SFRSYM    DATA     BIT       RS0
      000000E4H   SFRSYM    DATA     BYTE      LXDIVL
      000000BDH   SFRSYM    DATA     BYTE      ADCDH
      000000B8H.5 SFRSYM    DATA     BIT       PT2
      00000088H.4 SFRSYM    DATA     BIT       TR0
      000000D0H.4 SFRSYM    DATA     BIT       RS1
      000000DBH   SFRSYM    DATA     BYTE      PWMCON
      00000088H.6 SFRSYM    DATA     BIT       TR1
      000000ACH   SFRSYM    DATA     BYTE      WDVTHH
      000000C8H.6 SFRSYM    DATA     BIT       TR2
      000000B8H   SFRSYM    DATA     BIT       PX0
      000000B8H.2 SFRSYM    DATA     BIT       PX1
      000000BCH   SFRSYM    DATA     BYTE      ADCDL
      000000ABH   SFRSYM    DATA     BYTE      WDVTHL
      000000D9H   SFRSYM    DATA     BYTE      PWMUPD
      00000099H   SFRSYM    DATA     BYTE      S0BUF
      0000009BH   SFRSYM    DATA     BYTE      S1BUF
      00000098H   SFRSYM    DATA     BYTE      S0CON
      00000098H.4 SFRSYM    DATA     BIT       REN
      0000009AH   SFRSYM    DATA     BYTE      S1CON
      000000B9H   SFRSYM    DATA     BYTE      ADCON
      000000D0H.1 SFRSYM    DATA     BIT       DPS
      000000C9H   SFRSYM    DATA     BYTE      T2MOD
      000000C8H   SFRSYM    DATA     BYTE      T2CON
      000000FFH   SFRSYM    DATA     BYTE      STPSTH
      000000BFH   SFRSYM    DATA     BYTE      CKMIF
      000000AFH   SFRSYM    DATA     BYTE      TFCFG
      000000FEH   SFRSYM    DATA     BYTE      STPSTL
      000000A1H   SFRSYM    DATA     BYTE      CKCON
      000000C2H   SFRSYM    DATA     BYTE      TKCFG
      00000093H   SFRSYM    DATA     BYTE      VCKDH
      000000A3H   SFRSYM    DATA     BYTE      CKDIV
      000000A2H   SFRSYM    DATA     BYTE      CKSEL
      000000D0H.5 SFRSYM    DATA     BIT       F0
      000000E2H   SFRSYM    DATA     BYTE      LXCFG
      000000AAH   SFRSYM    DATA     BYTE      WDFLG
      00000092H   SFRSYM    DATA     BYTE      VCKDL
      000000FBH   SFRSYM    DATA     BYTE      EPCON
      000000F6H   SFRSYM    DATA     BYTE      RTCDH
      000000C6H   SFRSYM    DATA     BYTE      ATKMH
      00000091H   SFRSYM    DATA     BYTE      RCCON
      000000E7H   SFRSYM    DATA     BYTE      ATKNH
      000000EEH   SFRSYM    DATA     BYTE      RTCIF
      000000C0H   SFRSYM    DATA     BYTE      INDEX
      000000BEH   SFRSYM    DATA     BYTE      CKMON
      000000F5H   SFRSYM    DATA     BYTE      RTCDL
      000000D0H   SFRSYM    DATA     BYTE      PSW
      000000C5H   SFRSYM    DATA     BYTE      ATKML
      000000E6H   SFRSYM    DATA     BYTE      ATKNL
      000000A9H   SFRSYM    DATA     BYTE      WDCON

      01000003H   BLOCK     CODE     ---       LVL=0
      01000003H   LINE      CODE     ---       #16
      01000003H   LINE      CODE     ---       #17
      01000003H   LINE      CODE     ---       #23
      0100000EH   LINE      CODE     ---       #30
      01000010H   LINE      CODE     ---       #33
      01000019H   LINE      CODE     ---       #36
      01000019H   LINE      CODE     ---       #37
      01000019H   LINE      CODE     ---       #39
      ---         BLOCKEND  ---      ---       LVL=0
LX51 LINKER/LOCATER V4.64.0.0                                                         05/13/2019  17:53:27  PAGE 20



      ---         MODULE    ---      ---       DELAY
      00000006H   SYMBOL    DATA     WORD      n
      00000005H   SYMBOL    DATA     BYTE      i
      00000082H   SYMBOL    DATA     WORD      delay_nms

      ---         MODULE    ---      ---       SYSTEM_CLOCK
      000000E3H   SFRSYM    DATA     BYTE      LXDAT
      000000C4H   SFRSYM    DATA     BYTE      TKCHS
      00000080H   SFRSYM    DATA     BYTE      P0
      000000C1H   SFRSYM    DATA     BYTE      TKCON
      00000090H   SFRSYM    DATA     BYTE      P1
      000000A0H   SFRSYM    DATA     BYTE      P2
      000000B0H   SFRSYM    DATA     BYTE      P3
      000000D0H.6 SFRSYM    DATA     BIT       AC
      000000A8H.7 SFRSYM    DATA     BIT       EA
      000000E1H   SFRSYM    DATA     BYTE      LXCON
      000000C8H   SFRSYM    DATA     BIT       T2P0
      000000C8H.1 SFRSYM    DATA     BIT       T2P1
      000000F1H   SFRSYM    DATA     BYTE      RTCON
      000000C8H.4 SFRSYM    DATA     BIT       T2R0
      000000D8H   SFRSYM    DATA     BYTE      PWMEN
      000000CFH   SFRSYM    DATA     BYTE      TKMSH
      00000086H   SFRSYM    DATA     BYTE      PWCON
      000000C8H.5 SFRSYM    DATA     BIT       T2R1
      000000CEH   SFRSYM    DATA     BYTE      TKMSL
      00000083H   SFRSYM    DATA     BYTE      DP0H
      000000A8H   SFRSYM    DATA     BYTE      IE
      00000085H   SFRSYM    DATA     BYTE      DP1H
      000000E9H   SFRSYM    DATA     BYTE      RTCSS
      00000082H   SFRSYM    DATA     BYTE      DP0L
      000000CBH   SFRSYM    DATA     BYTE      T2CH
      000000B3H   SFRSYM    DATA     BYTE      I2CADM
      00000084H   SFRSYM    DATA     BYTE      DP1L
      000000C8H.3 SFRSYM    DATA     BIT       T2IE
      000000C3H   SFRSYM    DATA     BYTE      TKMTS
      000000CAH   SFRSYM    DATA     BYTE      T2CL
      000000B2H   SFRSYM    DATA     BYTE      I2CADR
      000000B4H   SFRSYM    DATA     BYTE      I2CCCR
      000000B8H   SFRSYM    DATA     BYTE      IP
      000000B7H   SFRSYM    DATA     BYTE      I2CFLG
      000000B5H   SFRSYM    DATA     BYTE      I2CDAT
      000000EDH   SFRSYM    DATA     BYTE      RTMSS
      000000D0H.7 SFRSYM    DATA     BIT       CY
      000000BBH   SFRSYM    DATA     BYTE      ADCFGH
      000000DAH   SFRSYM    DATA     BYTE      PWMCMAX
      000000B1H   SFRSYM    DATA     BYTE      I2CCON
      000000DEH   SFRSYM    DATA     BYTE      PWMDIVH
      000000BAH   SFRSYM    DATA     BYTE      ADCFGL
      00000081H   SFRSYM    DATA     BYTE      SP
      000000F9H   SFRSYM    DATA     BYTE      EPIE
      000000D0H.2 SFRSYM    DATA     BIT       OV
      000000FAH   SFRSYM    DATA     BYTE      EPIF
      000000DDH   SFRSYM    DATA     BYTE      PWMDIVL
      000000B6H   SFRSYM    DATA     BYTE      I2CSTA
      000000A5H   SFRSYM    DATA     BYTE      IHCFGH
      000000E8H   SFRSYM    DATA     BYTE      EXIE
      000000D1H   SFRSYM    DATA     BYTE      PWMDUTH
      000000C7H   SFRSYM    DATA     BYTE      TKIF
      000000A7H   SFRSYM    DATA     BYTE      ILCFGH
      000000A4H   SFRSYM    DATA     BYTE      IHCFGL
      0000008FH   SFRSYM    DATA     BYTE      IT0CON
      00000080H   SFRSYM    DATA     BIT       P00
      000000ECH   SFRSYM    DATA     BYTE      RTAH
      000000DFH   SFRSYM    DATA     BYTE      PWMDUTL
LX51 LINKER/LOCATER V4.64.0.0                                                         05/13/2019  17:53:27  PAGE 21


      0000008EH   SFRSYM    DATA     BYTE      IT1CON
      00000090H   SFRSYM    DATA     BIT       P10
      00000080H.1 SFRSYM    DATA     BIT       P01
      0000009DH   SFRSYM    DATA     BYTE      S1RELH
      00000087H   SFRSYM    DATA     BYTE      PCON
      000000A0H   SFRSYM    DATA     BIT       P20
      00000090H.1 SFRSYM    DATA     BIT       P11
      00000080H.2 SFRSYM    DATA     BIT       P02
      000000E8H   SFRSYM    DATA     BIT       INT2EN
      000000F4H   SFRSYM    DATA     BYTE      RTCH
      000000B0H   SFRSYM    DATA     BIT       P30
      000000A0H.1 SFRSYM    DATA     BIT       P21
      00000090H.2 SFRSYM    DATA     BIT       P12
      00000080H.3 SFRSYM    DATA     BIT       P03
      000000E8H.1 SFRSYM    DATA     BIT       INT3EN
      000000A6H   SFRSYM    DATA     BYTE      ILCFGL
      000000B0H.1 SFRSYM    DATA     BIT       P31
      000000A0H.2 SFRSYM    DATA     BIT       P22
      00000090H.3 SFRSYM    DATA     BIT       P13
      00000080H.4 SFRSYM    DATA     BIT       P04
      000000E8H.2 SFRSYM    DATA     BIT       INT4EN
      000000B0H.2 SFRSYM    DATA     BIT       P32
      000000A0H.3 SFRSYM    DATA     BIT       P23
      00000090H.4 SFRSYM    DATA     BIT       P14
      00000080H.5 SFRSYM    DATA     BIT       P05
      000000E8H.3 SFRSYM    DATA     BIT       INT5EN
      000000EBH   SFRSYM    DATA     BYTE      RTAM
      0000009CH   SFRSYM    DATA     BYTE      S1RELL
      00000089H   SFRSYM    DATA     BYTE      TMOD
      00000088H   SFRSYM    DATA     BYTE      TCON
      000000B0H.3 SFRSYM    DATA     BIT       P33
      000000A0H.4 SFRSYM    DATA     BIT       P24
      00000090H.5 SFRSYM    DATA     BIT       P15
      00000080H.6 SFRSYM    DATA     BIT       P06
      000000E8H.4 SFRSYM    DATA     BIT       INT6EN
      000000B0H.4 SFRSYM    DATA     BIT       P34
      000000A0H.5 SFRSYM    DATA     BIT       P25
      00000090H.6 SFRSYM    DATA     BIT       P16
      00000080H.7 SFRSYM    DATA     BIT       P07
      000000E8H.5 SFRSYM    DATA     BIT       INT7EN
      000000C8H.2 SFRSYM    DATA     BIT       UCKS
      000000F8H   SFRSYM    DATA     BYTE      EXIP
      000000F3H   SFRSYM    DATA     BYTE      RTCM
      000000B0H.5 SFRSYM    DATA     BIT       P35
      000000A0H.6 SFRSYM    DATA     BIT       P26
      00000090H.7 SFRSYM    DATA     BIT       P17
      000000E8H.6 SFRSYM    DATA     BIT       INT8EN
      000000B0H.6 SFRSYM    DATA     BIT       P36
      000000E8H.7 SFRSYM    DATA     BIT       INT9EN
      000000B0H.7 SFRSYM    DATA     BIT       P37
      000000EAH   SFRSYM    DATA     BYTE      RTAS
      000000D7H   SFRSYM    DATA     BYTE      HVTH
      00000095H   SFRSYM    DATA     BYTE      RCTAGH
      000000F2H   SFRSYM    DATA     BYTE      RTCS
      00000088H.1 SFRSYM    DATA     BIT       IE0
      00000088H.3 SFRSYM    DATA     BIT       IE1
      00000094H   SFRSYM    DATA     BYTE      RCTAGL
      000000F7H   SFRSYM    DATA     BYTE      RSTF
      000000F0H   SFRSYM    DATA     BYTE      B
      000000DCH   SFRSYM    DATA     BYTE      PWMCFG
      000000D2H   SFRSYM    DATA     BYTE      PWMAIF
      000000E0H   SFRSYM    DATA     BYTE      ACC
      000000D3H   SFRSYM    DATA     BYTE      PWMBIF
      0000009FH   SFRSYM    DATA     BYTE      RCMSHH
      000000A8H.4 SFRSYM    DATA     BIT       ES0
LX51 LINKER/LOCATER V4.64.0.0                                                         05/13/2019  17:53:27  PAGE 22


      000000EFH   SFRSYM    DATA     BYTE      LVDCON
      000000D4H   SFRSYM    DATA     BYTE      PWMCIF
      000000A8H.1 SFRSYM    DATA     BIT       ET0
      000000A8H.6 SFRSYM    DATA     BIT       ES1
      000000A8H.3 SFRSYM    DATA     BIT       ET1
      00000088H.5 SFRSYM    DATA     BIT       TF0
      000000FDH   SFRSYM    DATA     BYTE      IDLSTH
      000000ADH   SFRSYM    DATA     BYTE      PLLCON
      000000A8H.5 SFRSYM    DATA     BIT       ET2
      00000098H   SFRSYM    DATA     BIT       RI0
      00000088H.7 SFRSYM    DATA     BIT       TF1
      000000D6H   SFRSYM    DATA     BYTE      TKMINF
      0000009EH   SFRSYM    DATA     BYTE      RCMSHL
      00000097H   SFRSYM    DATA     BYTE      RCMSLH
      000000C8H.7 SFRSYM    DATA     BIT       TF2
      00000098H.2 SFRSYM    DATA     BIT       RB8
      0000008CH   SFRSYM    DATA     BYTE      TH0
      000000A8H   SFRSYM    DATA     BIT       EX0
      00000098H.1 SFRSYM    DATA     BIT       TI0
      00000088H   SFRSYM    DATA     BIT       IT0
      000000D5H   SFRSYM    DATA     BYTE      TKMAXF
      0000008DH   SFRSYM    DATA     BYTE      TH1
      000000A8H.2 SFRSYM    DATA     BIT       EX1
      00000098H.3 SFRSYM    DATA     BIT       TB8
      00000088H.2 SFRSYM    DATA     BIT       IT1
      000000FCH   SFRSYM    DATA     BYTE      IDLSTL
      000000CDH   SFRSYM    DATA     BYTE      TH2
      000000D0H   SFRSYM    DATA     BIT       P
      00000096H   SFRSYM    DATA     BYTE      RCMSLL
      00000098H.7 SFRSYM    DATA     BIT       SM0
      0000008AH   SFRSYM    DATA     BYTE      TL0
      00000098H.6 SFRSYM    DATA     BIT       SM1
      000000E5H   SFRSYM    DATA     BYTE      LXDIVH
      0000008BH   SFRSYM    DATA     BYTE      TL1
      00000098H.5 SFRSYM    DATA     BIT       SM2
      000000CCH   SFRSYM    DATA     BYTE      TL2
      000000B8H.4 SFRSYM    DATA     BIT       PS0
      000000B8H.1 SFRSYM    DATA     BIT       PT0
      000000B8H.6 SFRSYM    DATA     BIT       PS1
      000000B8H.3 SFRSYM    DATA     BIT       PT1
      000000D0H.3 SFRSYM    DATA     BIT       RS0
      000000E4H   SFRSYM    DATA     BYTE      LXDIVL
      000000BDH   SFRSYM    DATA     BYTE      ADCDH
      000000B8H.5 SFRSYM    DATA     BIT       PT2
      00000088H.4 SFRSYM    DATA     BIT       TR0
      000000D0H.4 SFRSYM    DATA     BIT       RS1
      000000DBH   SFRSYM    DATA     BYTE      PWMCON
      00000088H.6 SFRSYM    DATA     BIT       TR1
      000000ACH   SFRSYM    DATA     BYTE      WDVTHH
      000000C8H.6 SFRSYM    DATA     BIT       TR2
      000000B8H   SFRSYM    DATA     BIT       PX0
      000000B8H.2 SFRSYM    DATA     BIT       PX1
      000000BCH   SFRSYM    DATA     BYTE      ADCDL
      000000ABH   SFRSYM    DATA     BYTE      WDVTHL
      000000D9H   SFRSYM    DATA     BYTE      PWMUPD
      00000099H   SFRSYM    DATA     BYTE      S0BUF
      0000009BH   SFRSYM    DATA     BYTE      S1BUF
      00000098H   SFRSYM    DATA     BYTE      S0CON
      00000098H.4 SFRSYM    DATA     BIT       REN
      0000009AH   SFRSYM    DATA     BYTE      S1CON
      000000B9H   SFRSYM    DATA     BYTE      ADCON
      000000D0H.1 SFRSYM    DATA     BIT       DPS
      000000C9H   SFRSYM    DATA     BYTE      T2MOD
      000000C8H   SFRSYM    DATA     BYTE      T2CON
      000000FFH   SFRSYM    DATA     BYTE      STPSTH
LX51 LINKER/LOCATER V4.64.0.0                                                         05/13/2019  17:53:27  PAGE 23


      000000BFH   SFRSYM    DATA     BYTE      CKMIF
      000000AFH   SFRSYM    DATA     BYTE      TFCFG
      000000FEH   SFRSYM    DATA     BYTE      STPSTL
      000000A1H   SFRSYM    DATA     BYTE      CKCON
      000000C2H   SFRSYM    DATA     BYTE      TKCFG
      00000093H   SFRSYM    DATA     BYTE      VCKDH
      000000A3H   SFRSYM    DATA     BYTE      CKDIV
      000000A2H   SFRSYM    DATA     BYTE      CKSEL
      000000D0H.5 SFRSYM    DATA     BIT       F0
      000000E2H   SFRSYM    DATA     BYTE      LXCFG
      000000AAH   SFRSYM    DATA     BYTE      WDFLG
      00000092H   SFRSYM    DATA     BYTE      VCKDL
      000000FBH   SFRSYM    DATA     BYTE      EPCON
      000000F6H   SFRSYM    DATA     BYTE      RTCDH
      000000C6H   SFRSYM    DATA     BYTE      ATKMH
      00000091H   SFRSYM    DATA     BYTE      RCCON
      000000E7H   SFRSYM    DATA     BYTE      ATKNH
      000000EEH   SFRSYM    DATA     BYTE      RTCIF
      000000C0H   SFRSYM    DATA     BYTE      INDEX
      000000BEH   SFRSYM    DATA     BYTE      CKMON
      000000F5H   SFRSYM    DATA     BYTE      RTCDL
      000000D0H   SFRSYM    DATA     BYTE      PSW
      000000C5H   SFRSYM    DATA     BYTE      ATKML
      000000E6H   SFRSYM    DATA     BYTE      ATKNL
      000000A9H   SFRSYM    DATA     BYTE      WDCON
      00000007H   SYMBOL    DATA     BYTE      Multiple

      ---         MODULE    ---      ---       ?C_STARTUP
      01000000H   PUBLIC    CODE     ---       ?C_STARTUP
      000000E0H   SYMBOL    DATA     ---       ACC
      000000F0H   SYMBOL    DATA     ---       B
      00000083H   SYMBOL    DATA     ---       DPH
      00000082H   SYMBOL    DATA     ---       DPL
      00000000H   SYMBOL    NUMBER   ---       IBPSTACK
      00000100H   SYMBOL    NUMBER   ---       IBPSTACKTOP
      00000080H   SYMBOL    NUMBER   ---       IDATALEN
      0100070DH   SYMBOL    CODE     ---       IDATALOOP
      00000000H   SYMBOL    NUMBER   ---       PBPSTACK
      00000100H   SYMBOL    NUMBER   ---       PBPSTACKTOP
      00000000H   SYMBOL    NUMBER   ---       PDATALEN
      00000000H   SYMBOL    NUMBER   ---       PDATASTART
      00000000H   SYMBOL    NUMBER   ---       PPAGE
      00000000H   SYMBOL    NUMBER   ---       PPAGEENABLE
      000000A0H   SYMBOL    DATA     ---       PPAGE_SFR
      00000081H   SYMBOL    DATA     ---       SP
      0100070AH   SYMBOL    CODE     ---       STARTUP1
      00000000H   SYMBOL    NUMBER   ---       XBPSTACK
      00000000H   SYMBOL    NUMBER   ---       XBPSTACKTOP
      00000000H   SYMBOL    NUMBER   ---       XDATALEN
      00000000H   SYMBOL    NUMBER   ---       XDATASTART
      01000000H   LINE      CODE     ---       #126
      0100070AH   LINE      CODE     ---       #133
      0100070CH   LINE      CODE     ---       #134
      0100070DH   LINE      CODE     ---       #135
      0100070EH   LINE      CODE     ---       #136
      01000710H   LINE      CODE     ---       #185
      01000713H   LINE      CODE     ---       #196

      ---         MODULE    ---      ---       ?C?CLDPTR
      010004F9H   PUBLIC    CODE     ---       ?C?CLDPTR

      ---         MODULE    ---      ---       ?C?LMUL
      01000512H   PUBLIC    CODE     ---       ?C?LMUL

      ---         MODULE    ---      ---       ?C?ULDIV
LX51 LINKER/LOCATER V4.64.0.0                                                         05/13/2019  17:53:27  PAGE 24


      0100059DH   PUBLIC    CODE     ---       ?C?ULDIV

      ---         MODULE    ---      ---       VSPRINTF
      00010034H   PUBLIC    DATA     ---       ?_VSPRINTF?BYTE
      010006A4H   PUBLIC    CODE     ---       _VSPRINTF

      ---         MODULE    ---      ---       PRINTF
      0000003DH   PUBLIC    DATA     ---       ?_PRINTF517?BYTE
      0000003DH   PUBLIC    DATA     ---       ?_PRINTF?BYTE
      0000003DH   PUBLIC    DATA     ---       ?_SPRINTF517?BYTE
      0000003DH   PUBLIC    DATA     ---       ?_SPRINTF?BYTE
      010001FFH   PUBLIC    CODE     ---       _PRINTF
      010001FFH   PUBLIC    CODE     ---       _PRINTF517
      010001F9H   PUBLIC    CODE     ---       _SPRINTF
      010001F9H   PUBLIC    CODE     ---       _SPRINTF517

      ---         MODULE    ---      ---       ?C?CLDOPTR
      0100062FH   PUBLIC    CODE     ---       ?C?CLDOPTR

      ---         MODULE    ---      ---       ?C?CSTPTR
      0100065CH   PUBLIC    CODE     ---       ?C?CSTPTR

      ---         MODULE    ---      ---       ?C?PLDIIDATA
      0100066EH   PUBLIC    CODE     ---       ?C?PLDIIDATA

      ---         MODULE    ---      ---       ?C?CCASE
      0100067EH   PUBLIC    CODE     ---       ?C?CCASE

      ---         MODULE    ---      ---       PUTCHAR
      010006D2H   PUBLIC    CODE     ---       _PUTCHAR

Program Size: data=77.2 xdata=441 const=0 code=1806
LX51 RUN COMPLETE.  0 WARNING(S),  0 ERROR(S)
