C51 COMPILER V9.56.0.0   MAIN                                                              09/18/2020 22:17:51 PAGE 1   


C51 COMPILER V9.56.0.0, COMPILATION OF MODULE MAIN
OBJECT MODULE PLACED IN .\output\main.obj
COMPILER INVOKED BY: F:\Keil\C51\BIN\C51.EXE source\main.c OMF2 OPTIMIZE(8,SPEED) BROWSE DEBUG PRINT(.\lst\main.lst) TAB
                    -S(2) OBJECT(.\output\main.obj)

line level    source

   1          
   2          #ifndef _MAIN_C_
   3          #define _MAIN_C_
   4          /*********************************************************************************************************
             -************/
   5          #include "include/ca51f_config.h"   
   6          #include "include/ca51f3sfr.h"
   7          #include "include/ca51f3xsfr.h"
   8          #include "include/gpiodef_f3.h"
   9          #include "include/system_clock.h"
  10          
  11          #include "include/uart.h"
  12          #include "include/delay.h"
  13          #include <intrins.h>
  14          
  15          #include "include/tm1722.h"
  16          #include "include/keys.h"
  17          #include "include/hot.h"
  18          #include "include/temperature.h"
  19          
  20          /*********************************************************************************************************
             -************
  21            本例程以P00为例，设置P00为不同模式，所有IO用法与P00相同。
  22          **********************************************************************************************************
             -***********/
  23          void main(void)
  24          {
  25   1        int t0=0;
  26   1      #if (SYSCLK_SRC == PLL)
                Sys_Clk_Set_PLL(PLL_Multiple);  //设置系统时钟为PLL，PLL_Multiple为倍频倍数
              #endif
  29   1        
  30   1      #ifdef UART0_EN
                Uart0_Initial(UART0_BAUTRATE);  //初始化UART0
              #endif
  33   1        
  34   1      #ifdef UART1_EN
  35   1        Uart1_Initial(UART1_BAUTRATE);  //初始化UART1
  36   1      #endif
  37   1      
  38   1        EA = 1;                         //开全局中断
  39   1      
  40   1      #ifdef PRINT_EN
  41   1        uart_printf("GPIO Demo Code\n");
  42   1      #endif
  43   1      
  44   1      /**************************************************************************************************/
  45   1        
  46   1      //  lcd_io_init();
  47   1      //  init_keys_gpio();
  48   1      //  init_temp_adc();
  49   1      //  show_temp(0);
  50   1      //  init_pwm();
  51   1        
C51 COMPILER V9.56.0.0   MAIN                                                              09/18/2020 22:17:51 PAGE 2   

  52   1      //  set_hot_power(0);
  53   1        
  54   1        P34F = OUTPUT|OP_EN;    //P34保温灯
  55   1        P07F = OUTPUT|OP_EN;    //P07煮饭灯
  56   1        
  57   1        P15F = OUTPUT|PD_EN; //HOT 加热输出
  58   1        P16F = P16_ADC6_SETTING;// NTC
  59   1        P06F =INPUT | PD_EN; //检测煮饭switch
  60   1      
  61   1        P15C &= ~0x10;//弱下拉
  62   1      
  63   1        P06C &= ~0x10;//弱下拉
  64   1      //  P34=1;
  65   1      //  P07=0;
  66   1      //  
  67   1        while(1)
  68   1        {
  69   2          
  70   2          if(P06==1){
  71   3            P15=1;
  72   3            P07=0;
  73   3            P34=1;
  74   3          }
  75   2          else
  76   2          {
  77   3            P15=1;
  78   3            P07=1;
  79   3            P34=0;
  80   3          }
  81   2      //    t0++;
  82   2      //    
  83   2      //    if((t0%100)==0)
  84   2      //    {
  85   2      //      refresh_screen();
  86   2      //      On_keys();
  87   2      //      On_xuan_niu_key();
  88   2      //    }
  89   2      //    if((t0%50)==0)
  90   2      //    {
  91   2      //      On_xuan_niu();
  92   2      //    }
  93   2      //    if((t0%500)==0)
  94   2      //    {     
  95   2      //      check_temp();
  96   2      //      check_hot();
  97   2      //      display_temp();
  98   2      //      
  99   2      //    }
 100   2      //    if(t0>10000)
 101   2      //    {     
 102   2      //      t0=1;     
 103   2      //    }
 104   2          Delay_ms(1);
 105   2        }
 106   1      /***********************************************************************************/   
 107   1      
 108   1      
 109   1      }
 110          #endif


MODULE INFORMATION:   STATIC OVERLAYABLE
C51 COMPILER V9.56.0.0   MAIN                                                              09/18/2020 22:17:51 PAGE 3   

   CODE SIZE        =     91    ----
   CONSTANT SIZE    =     16    ----
   XDATA SIZE       =   ----    ----
   PDATA SIZE       =   ----    ----
   DATA SIZE        =   ----       2
   IDATA SIZE       =   ----    ----
   BIT SIZE         =   ----    ----
   EDATA SIZE       =   ----    ----
   HDATA SIZE       =   ----    ----
   XDATA CONST SIZE =   ----    ----
   FAR CONST SIZE   =   ----    ----
END OF MODULE INFORMATION.


C51 COMPILATION COMPLETE.  0 WARNING(S),  0 ERROR(S)
